Archive member included to satisfy reference by file (symbol)

D:/cubeide/STM32CubeIDE_2.0.0/STM32CubeIDE/plugins/com.st.stm32cube.ide.mcu.externaltools.gnu-tools-for-stm32.13.3.rel1.win32_1.0.100.202509120712/tools/bin/../lib/gcc/arm-none-eabi/13.3.1/../../../../arm-none-eabi/lib/thumb/v7-m/nofp\libstdc++_nano.a(del_ops.o)
                              ./Core/Driver/MotorDriver/MotorDriver.o (operator delete(void*, unsigned int))
D:/cubeide/STM32CubeIDE_2.0.0/STM32CubeIDE/plugins/com.st.stm32cube.ide.mcu.externaltools.gnu-tools-for-stm32.13.3.rel1.win32_1.0.100.202509120712/tools/bin/../lib/gcc/arm-none-eabi/13.3.1/../../../../arm-none-eabi/lib/thumb/v7-m/nofp\libstdc++_nano.a(new_op.o)
                              ./Core/Driver/MotorDriver/MotorDriver.o (operator new(unsigned int))
D:/cubeide/STM32CubeIDE_2.0.0/STM32CubeIDE/plugins/com.st.stm32cube.ide.mcu.externaltools.gnu-tools-for-stm32.13.3.rel1.win32_1.0.100.202509120712/tools/bin/../lib/gcc/arm-none-eabi/13.3.1/../../../../arm-none-eabi/lib/thumb/v7-m/nofp\libstdc++_nano.a(del_op.o)
                              D:/cubeide/STM32CubeIDE_2.0.0/STM32CubeIDE/plugins/com.st.stm32cube.ide.mcu.externaltools.gnu-tools-for-stm32.13.3.rel1.win32_1.0.100.202509120712/tools/bin/../lib/gcc/arm-none-eabi/13.3.1/../../../../arm-none-eabi/lib/thumb/v7-m/nofp\libstdc++_nano.a(del_ops.o) (operator delete(void*))
D:/cubeide/STM32CubeIDE_2.0.0/STM32CubeIDE/plugins/com.st.stm32cube.ide.mcu.externaltools.gnu-tools-for-stm32.13.3.rel1.win32_1.0.100.202509120712/tools/bin/../lib/gcc/arm-none-eabi/13.3.1/../../../../arm-none-eabi/lib/thumb/v7-m/nofp\libstdc++_nano.a(new_handler.o)
                              D:/cubeide/STM32CubeIDE_2.0.0/STM32CubeIDE/plugins/com.st.stm32cube.ide.mcu.externaltools.gnu-tools-for-stm32.13.3.rel1.win32_1.0.100.202509120712/tools/bin/../lib/gcc/arm-none-eabi/13.3.1/../../../../arm-none-eabi/lib/thumb/v7-m/nofp\libstdc++_nano.a(new_op.o) (std::get_new_handler())
D:/cubeide/STM32CubeIDE_2.0.0/STM32CubeIDE/plugins/com.st.stm32cube.ide.mcu.externaltools.gnu-tools-for-stm32.13.3.rel1.win32_1.0.100.202509120712/tools/bin/../lib/gcc/arm-none-eabi/13.3.1/../../../../arm-none-eabi/lib/thumb/v7-m/nofp\libc_nano.a(libc_a-abort.o)
                              D:/cubeide/STM32CubeIDE_2.0.0/STM32CubeIDE/plugins/com.st.stm32cube.ide.mcu.externaltools.gnu-tools-for-stm32.13.3.rel1.win32_1.0.100.202509120712/tools/bin/../lib/gcc/arm-none-eabi/13.3.1/../../../../arm-none-eabi/lib/thumb/v7-m/nofp\libstdc++_nano.a(new_op.o) (abort)
D:/cubeide/STM32CubeIDE_2.0.0/STM32CubeIDE/plugins/com.st.stm32cube.ide.mcu.externaltools.gnu-tools-for-stm32.13.3.rel1.win32_1.0.100.202509120712/tools/bin/../lib/gcc/arm-none-eabi/13.3.1/../../../../arm-none-eabi/lib/thumb/v7-m/nofp\libc_nano.a(libc_a-exit.o)
                              D:/cubeide/STM32CubeIDE_2.0.0/STM32CubeIDE/plugins/com.st.stm32cube.ide.mcu.externaltools.gnu-tools-for-stm32.13.3.rel1.win32_1.0.100.202509120712/tools/bin/../lib/gcc/arm-none-eabi/13.3.1/../../../../arm-none-eabi/lib/thumb/v7-m/nofp/crt0.o (exit)
D:/cubeide/STM32CubeIDE_2.0.0/STM32CubeIDE/plugins/com.st.stm32cube.ide.mcu.externaltools.gnu-tools-for-stm32.13.3.rel1.win32_1.0.100.202509120712/tools/bin/../lib/gcc/arm-none-eabi/13.3.1/../../../../arm-none-eabi/lib/thumb/v7-m/nofp\libc_nano.a(libc_a-malloc.o)
                              D:/cubeide/STM32CubeIDE_2.0.0/STM32CubeIDE/plugins/com.st.stm32cube.ide.mcu.externaltools.gnu-tools-for-stm32.13.3.rel1.win32_1.0.100.202509120712/tools/bin/../lib/gcc/arm-none-eabi/13.3.1/../../../../arm-none-eabi/lib/thumb/v7-m/nofp\libstdc++_nano.a(new_op.o) (malloc)
D:/cubeide/STM32CubeIDE_2.0.0/STM32CubeIDE/plugins/com.st.stm32cube.ide.mcu.externaltools.gnu-tools-for-stm32.13.3.rel1.win32_1.0.100.202509120712/tools/bin/../lib/gcc/arm-none-eabi/13.3.1/../../../../arm-none-eabi/lib/thumb/v7-m/nofp\libc_nano.a(libc_a-mallocr.o)
                              D:/cubeide/STM32CubeIDE_2.0.0/STM32CubeIDE/plugins/com.st.stm32cube.ide.mcu.externaltools.gnu-tools-for-stm32.13.3.rel1.win32_1.0.100.202509120712/tools/bin/../lib/gcc/arm-none-eabi/13.3.1/../../../../arm-none-eabi/lib/thumb/v7-m/nofp\libc_nano.a(libc_a-malloc.o) (_malloc_r)
D:/cubeide/STM32CubeIDE_2.0.0/STM32CubeIDE/plugins/com.st.stm32cube.ide.mcu.externaltools.gnu-tools-for-stm32.13.3.rel1.win32_1.0.100.202509120712/tools/bin/../lib/gcc/arm-none-eabi/13.3.1/../../../../arm-none-eabi/lib/thumb/v7-m/nofp\libc_nano.a(libc_a-mlock.o)
                              D:/cubeide/STM32CubeIDE_2.0.0/STM32CubeIDE/plugins/com.st.stm32cube.ide.mcu.externaltools.gnu-tools-for-stm32.13.3.rel1.win32_1.0.100.202509120712/tools/bin/../lib/gcc/arm-none-eabi/13.3.1/../../../../arm-none-eabi/lib/thumb/v7-m/nofp\libc_nano.a(libc_a-mallocr.o) (__malloc_lock)
[...]
Memory Configuration

Name             Origin             Length             Attributes
RAM              0x20000000         0x00005000         xrw
FLASH            0x08000000         0x00010000         xr
*default*        0x00000000         0xffffffff

Linker script and memory map

LOAD D:/cubeide/STM32CubeIDE_2.0.0/STM32CubeIDE/plugins/com.st.stm32cube.ide.mcu.externaltools.gnu-tools-for-stm32.13.3.rel1.win32_1.0.100.202509120712/tools/bin/../lib/gcc/arm-none-eabi/13.3.1/thumb/v7-m/nofp/crti.o
LOAD D:/cubeide/STM32CubeIDE_2.0.0/STM32CubeIDE/plugins/com.st.stm32cube.ide.mcu.externaltools.gnu-tools-for-stm32.13.3.rel1.win32_1.0.100.202509120712/tools/bin/../lib/gcc/arm-none-eabi/13.3.1/thumb/v7-m/nofp/crtbegin.o
LOAD D:/cubeide/STM32CubeIDE_2.0.0/STM32CubeIDE/plugins/com.st.stm32cube.ide.mcu.externaltools.gnu-tools-for-stm32.13.3.rel1.win32_1.0.100.202509120712/tools/bin/../lib/gcc/arm-none-eabi/13.3.1/../../../../arm-none-eabi/lib/thumb/v7-m/nofp/crt0.o
LOAD ./Core/Driver/MotorDriver/MotorDriver.o
LOAD ./Core/Driver/SonarSensor/SonarSensor.o
LOAD ./Core/Src/ControlTask.o
LOAD ./Core/Src/freertos.o
LOAD ./Core/Src/main.o
LOAD ./Core/Src/stm32f1xx_hal_msp.o
LOAD ./Core/Src/stm32f1xx_hal_timebase_tim.o
LOAD ./Core/Src/stm32f1xx_it.o
LOAD ./Core/Src/syscalls.o
LOAD ./Core/Src/sysmem.o
LOAD ./Core/Src/system_stm32f1xx.o
LOAD ./Core/Startup/startup_stm32f103c8tx.o
LOAD ./Drivers/STM32F1xx_HAL_Driver/Src/stm32f1xx_hal.o
LOAD ./Drivers/STM32F1xx_HAL_Driver/Src/stm32f1xx_hal_cortex.o
LOAD ./Drivers/STM32F1xx_HAL_Driver/Src/stm32f1xx_hal_dma.o
LOAD ./Drivers/STM32F1xx_HAL_Driver/Src/stm32f1xx_hal_exti.o
LOAD ./Drivers/STM32F1xx_HAL_Driver/Src/stm32f1xx_hal_flash.o
LOAD ./Drivers/STM32F1xx_HAL_Driver/Src/stm32f1xx_hal_flash_ex.o
LOAD ./Drivers/STM32F1xx_HAL_Driver/Src/stm32f1xx_hal_gpio.o
LOAD ./Drivers/STM32F1xx_HAL_Driver/Src/stm32f1xx_hal_gpio_ex.o
LOAD ./Drivers/STM32F1xx_HAL_Driver/Src/stm32f1xx_hal_pwr.o
LOAD ./Drivers/STM32F1xx_HAL_Driver/Src/stm32f1xx_hal_rcc.o
LOAD ./Drivers/STM32F1xx_HAL_Driver/Src/stm32f1xx_hal_rcc_ex.o
LOAD ./Drivers/STM32F1xx_HAL_Driver/Src/stm32f1xx_hal_tim.o
LOAD ./Drivers/STM32F1xx_HAL_Driver/Src/stm32f1xx_hal_tim_ex.o
LOAD ./Middlewares/Third_Party/FreeRTOS/Source/CMSIS_RTOS_V2/cmsis_os2.o
LOAD ./Middlewares/Third_Party/FreeRTOS/Source/croutine.o
LOAD ./Middlewares/Third_Party/FreeRTOS/Source/event_groups.o
LOAD ./Middlewares/Third_Party/FreeRTOS/Source/list.o
LOAD ./Middlewares/Third_Party/FreeRTOS/Source/queue.o
LOAD ./Middlewares/Third_Party/FreeRTOS/Source/stream_buffer.o
LOAD ./Middlewares/Third_Party/FreeRTOS/Source/tasks.o
LOAD ./Middlewares/Third_Party/FreeRTOS/Source/timers.o
LOAD ./Middlewares/Third_Party/FreeRTOS/Source/portable/GCC/ARM_CM3/port.o
LOAD ./Middlewares/Third_Party/FreeRTOS/Source/portable/MemMang/heap_4.o
START GROUP
LOAD D:/cubeide/STM32CubeIDE_2.0.0/STM32CubeIDE/plugins/com.st.stm32cube.ide.mcu.externaltools.gnu-tools-for-stm32.13.3.rel1.win32_1.0.100.202509120712/tools/bin/../lib/gcc/arm-none-eabi/13.3.1/../../../../arm-none-eabi/lib/thumb/v7-m/nofp\libstdc++_nano.a
LOAD D:/cubeide/STM32CubeIDE_2.0.0/STM32CubeIDE/plugins/com.st.stm32cube.ide.mcu.externaltools.gnu-tools-for-stm32.13.3.rel1.win32_1.0.100.202509120712/tools/bin/../lib/gcc/arm-none-eabi/13.3.1/../../../../arm-none-eabi/lib/thumb/v7-m/nofp\libsupc++_nano.a
END GROUP
LOAD D:/cubeide/STM32CubeIDE_2.0.0/STM32CubeIDE/plugins/com.st.stm32cube.ide.mcu.externaltools.gnu-tools-for-stm32.13.3.rel1.win32_1.0.100.202509120712/tools/bin/../lib/gcc/arm-none-eabi/13.3.1/../../../../arm-none-eabi/lib/thumb/v7-m/nofp\libstdc++_nano.a
LOAD D:/cubeide/STM32CubeIDE_2.0.0/STM32CubeIDE/plugins/com.st.stm32cube.ide.mcu.externaltools.gnu-tools-for-stm32.13.3.rel1.win32_1.0.100.202509120712/tools/bin/../lib/gcc/arm-none-eabi/13.3.1/../../../../arm-none-eabi/lib/thumb/v7-m/nofp\libm.a
LOAD D:/cubeide/STM32CubeIDE_2.0.0/STM32CubeIDE/plugins/com.st.stm32cube.ide.mcu.externaltools.gnu-tools-for-stm32.13.3.rel1.win32_1.0.100.202509120712/tools/bin/../lib/gcc/arm-none-eabi/13.3.1/../../../../arm-none-eabi/lib/thumb/v7-m/nofp\libc_nano.a
START GROUP
LOAD D:/cubeide/STM32CubeIDE_2.0.0/STM32CubeIDE/plugins/com.st.stm32cube.ide.mcu.externaltools.gnu-tools-for-stm32.13.3.rel1.win32_1.0.100.202509120712/tools/bin/../lib/gcc/arm-none-eabi/13.3.1/thumb/v7-m/nofp\libgcc.a
LOAD D:/cubeide/STM32CubeIDE_2.0.0/STM32CubeIDE/plugins/com.st.stm32cube.ide.mcu.externaltools.gnu-tools-for-stm32.13.3.rel1.win32_1.0.100.202509120712/tools/bin/../lib/gcc/arm-none-eabi/13.3.1/../../../../arm-none-eabi/lib/thumb/v7-m/nofp\libc_nano.a
END GROUP
START GROUP
LOAD D:/cubeide/STM32CubeIDE_2.0.0/STM32CubeIDE/plugins/com.st.stm32cube.ide.mcu.externaltools.gnu-tools-for-stm32.13.3.rel1.win32_1.0.100.202509120712/tools/bin/../lib/gcc/arm-none-eabi/13.3.1/thumb/v7-m/nofp\libgcc.a
LOAD D:/cubeide/STM32CubeIDE_2.0.0/STM32CubeIDE/plugins/com.st.stm32cube.ide.mcu.externaltools.gnu-tools-for-stm32.13.3.rel1.win32_1.0.100.202509120712/tools/bin/../lib/gcc/arm-none-eabi/13.3.1/../../../../arm-none-eabi/lib/thumb/v7-m/nofp\libc_nano.a
END GROUP
LOAD D:/cubeide/STM32CubeIDE_2.0.0/STM32CubeIDE/plugins/com.st.stm32cube.ide.mcu.externaltools.gnu-tools-for-stm32.13.3.rel1.win32_1.0.100.202509120712/tools/bin/../lib/gcc/arm-none-eabi/13.3.1/thumb/v7-m/nofp/crtend.o
LOAD D:/cubeide/STM32CubeIDE_2.0.0/STM32CubeIDE/plugins/com.st.stm32cube.ide.mcu.externaltools.gnu-tools-for-stm32.13.3.rel1.win32_1.0.100.202509120712/tools/bin/../lib/gcc/arm-none-eabi/13.3.1/thumb/v7-m/nofp/crtn.o
                0x20005000                        _estack = (ORIGIN (RAM) + LENGTH (RAM))
                0x00000200                        _Min_Heap_Size = 0x200
                0x00000400                        _Min_Stack_Size = 0x400

.isr_vector     0x08000000      0x10c
                0x08000000                        . = ALIGN (0x4)
 *(.isr_vector)
 .isr_vector    0x08000000      0x10c ./Core/Startup/startup_stm32f103c8tx.o
                0x08000000                g_pfnVectors
                0x0800010c                        . = ALIGN (0x4)

.text           0x08000110     0x694c
                0x08000110                        . = ALIGN (0x4)
 *(.text)
 .text          0x08000110       0x40 D:/cubeide/STM32CubeIDE_2.0.0/STM32CubeIDE/plugins/com.st.stm32cube.ide.mcu.externaltools.gnu-tools-for-stm32.13.3.rel1.win32_1.0.100.202509120712/tools/bin/../lib/gcc/arm-none-eabi/13.3.1/thumb/v7-m/nofp/crtbegin.o
 .text          0x08000150      0x21c D:/cubeide/STM32CubeIDE_2.0.0/STM32CubeIDE/plugins/com.st.stm32cube.ide.mcu.externaltools.gnu-tools-for-stm32.13.3.rel1.win32_1.0.100.202509120712/tools/bin/../lib/gcc/arm-none-eabi/13.3.1/thumb/v7-m/nofp\libgcc.a(_arm_addsubsf3.o)
                0x08000150                __aeabi_frsub
                0x08000158                __subsf3
                0x08000158                __aeabi_fsub
                0x0800015c                __aeabi_fadd
                0x0800015c                __addsf3
                0x080002bc                __aeabi_ui2f
                0x080002bc                __floatunsisf
                0x080002c4                __aeabi_i2f
                0x080002c4                __floatsisf
                0x080002e0                __aeabi_ul2f
                0x080002e0                __floatundisf
                0x080002f0                __aeabi_l2f
                0x080002f0                __floatdisf
 .text          0x0800036c      0x2a0 D:/cubeide/STM32CubeIDE_2.0.0/STM32CubeIDE/plugins/com.st.stm32cube.ide.mcu.externaltools.gnu-tools-for-stm32.13.3.rel1.win32_1.0.100.202509120712/tools/bin/../lib/gcc/arm-none-eabi/13.3.1/thumb/v7-m/nofp\libgcc.a(_arm_muldivsf3.o)
                0x0800036c                __mulsf3
                0x0800036c                __aeabi_fmul
                0x080004d4                __aeabi_fdiv
                0x080004d4                __divsf3
 .text          0x0800060c       0xec D:/cubeide/STM32CubeIDE_2.0.0/STM32CubeIDE/plugins/com.st.stm32cube.ide.mcu.externaltools.gnu-tools-for-stm32.13.3.rel1.win32_1.0.100.202509120712/tools/bin/../lib/gcc/arm-none-eabi/13.3.1/thumb/v7-m/nofp\libgcc.a(_arm_cmpsf2.o)
                0x0800060c                __gesf2
                0x0800060c                __gtsf2
                0x08000614                __lesf2
                0x08000614                __ltsf2
                0x0800061c                __nesf2
                0x0800061c                __eqsf2
                0x0800061c                __cmpsf2
                0x0800067c                __aeabi_cfrcmple
                0x08000684                __aeabi_cfcmpeq
                0x08000684                __aeabi_cfcmple
                0x08000694                __aeabi_fcmpeq
                0x080006a8                __aeabi_fcmplt
                0x080006bc                __aeabi_fcmple
                0x080006d0                __aeabi_fcmpge
                0x080006e4                __aeabi_fcmpgt
 *(.text*)
 .text._ZN11MotorDriverC2Ev
                0x080006f8       0x2c ./Core/Driver/MotorDriver/MotorDriver.o
                0x080006f8                MotorDriver::MotorDriver()
                0x080006f8                MotorDriver::MotorDriver()
 .text._ZN11MotorDriver4InitEv
                0x08000724       0x34 ./Core/Driver/MotorDriver/MotorDriver.o
                0x08000724                MotorDriver::Init()
 .text._ZN11MotorDriver14SetTargetSpeedEss
                0x08000758       0x5e ./Core/Driver/MotorDriver/MotorDriver.o
                0x08000758                MotorDriver::SetTargetSpeed(short, short)
 .text._ZN11MotorDriver6UpdateEv
                0x080007b6      0x120 ./Core/Driver/MotorDriver/MotorDriver.o
                0x080007b6                MotorDriver::Update()
 *fill*         0x080008d6        0x2 
 .text._ZN11MotorDriver16SetHardwarePWM_LEs
                0x080008d8       0xb4 ./Core/Driver/MotorDriver/MotorDriver.o
                0x080008d8                MotorDriver::SetHardwarePWM_L(short)
 .text._ZN11MotorDriver16SetHardwarePWM_REs
                0x0800098c       0x68 ./Core/Driver/MotorDriver/MotorDriver.o
                0x0800098c                MotorDriver::SetHardwarePWM_R(short)
 .text.MotorDriver_create
                0x080009f4       0x1a ./Core/Driver/MotorDriver/MotorDriver.o
                0x080009f4                MotorDriver_create
 .text.MotorDriver_init
                0x08000a0e       0x16 ./Core/Driver/MotorDriver/MotorDriver.o
                0x08000a0e                MotorDriver_init
 .text.MotorDriver_setTargetSpeed
                0x08000a24       0x28 ./Core/Driver/MotorDriver/MotorDriver.o
                0x08000a24                MotorDriver_setTargetSpeed
 .text.MotorDriver_update
                0x08000a4c       0x16 ./Core/Driver/MotorDriver/MotorDriver.o
                0x08000a4c                MotorDriver_update
 *fill*         0x08000a62        0x2 
 .text._ZN11SonarSensorC2EP12GPIO_TypeDeftP17TIM_HandleTypeDefm
                0x08000a64       0x78 ./Core/Driver/SonarSensor/SonarSensor.o
                0x08000a64                SonarSensor::SonarSensor(GPIO_TypeDef*, unsigned short, TIM_HandleTypeDef*, unsigned long)
                0x08000a64                SonarSensor::SonarSensor(GPIO_TypeDef*, unsigned short, TIM_HandleTypeDef*, unsigned long)
 .text._ZN11SonarSensor4InitEv
                0x08000adc       0xec ./Core/Driver/SonarSensor/SonarSensor.o
                0x08000adc                SonarSensor::Init()
 .text._ZN11SonarSensor7TriggerEv
                0x08000bc8       0x64 ./Core/Driver/SonarSensor/SonarSensor.o
                0x08000bc8                SonarSensor::Trigger()
 .text._ZN11SonarSensor13GetDistanceCmEv
                0x08000c2c       0x16 ./Core/Driver/SonarSensor/SonarSensor.o
                0x08000c2c                SonarSensor::GetDistanceCm()
 *fill*         0x08000c42        0x2 
 .text._ZN11SonarSensor20Internal_IC_CallbackEm
                0x08000c44      0x248 ./Core/Driver/SonarSensor/SonarSensor.o
                0x08000c44                SonarSensor::Internal_IC_Callback(unsigned long)
 .text._ZN11SonarSensor22TIM_IC_Callback_RouterEP17TIM_HandleTypeDef
                0x08000e8c       0x84 ./Core/Driver/SonarSensor/SonarSensor.o
                0x08000e8c                SonarSensor::TIM_IC_Callback_Router(TIM_HandleTypeDef*)
 .text.HAL_TIM_IC_CaptureCallback
                0x08000f10       0x16 ./Core/Driver/SonarSensor/SonarSensor.o
                0x08000f10                HAL_TIM_IC_CaptureCallback
 .text.SonarSensor_create
                0x08000f26       0x34 ./Core/Driver/SonarSensor/SonarSensor.o
                0x08000f26                SonarSensor_create
 .text.SonarSensor_init
                0x08000f5a       0x16 ./Core/Driver/SonarSensor/SonarSensor.o
                0x08000f5a                SonarSensor_init
 .text.SonarSensor_trigger
                0x08000f70       0x16 ./Core/Driver/SonarSensor/SonarSensor.o
                0x08000f70                SonarSensor_trigger
 .text.SonarSensor_getDistanceCm
                0x08000f86       0x18 ./Core/Driver/SonarSensor/SonarSensor.o
                0x08000f86                SonarSensor_getDistanceCm
 *fill*         0x08000f9e        0x2 
 .text.main     0x08000fa0       0x78 ./Core/Src/main.o
                0x08000fa0                main
 .text.SystemClock_Config
                0x08001018       0x8a ./Core/Src/main.o
                0x08001018                SystemClock_Config
 *fill*         0x080010a2        0x2 
 .text.MX_TIM2_Init
                0x080010a4      0x100 ./Core/Src/main.o
 .text.MX_TIM4_Init
                0x080011a4      0x10c ./Core/Src/main.o
 .text.MX_GPIO_Init
                0x080012b0       0xc0 ./Core/Src/main.o
 .text.FilterDistance
                0x08001370       0x80 ./Core/Src/main.o
                0x08001370                FilterDistance
 .text.Task_Ctrl
                0x080013f0       0x70 ./Core/Src/main.o
                0x080013f0                Task_Ctrl
 .text.StartDefaultTask
                0x08001460       0xfc ./Core/Src/main.o
                0x08001460                StartDefaultTask
 .text.StartTask02
                0x0800155c       0x44 ./Core/Src/main.o
                0x0800155c                StartTask02
 .text.StartTask03
                0x080015a0       0x16 ./Core/Src/main.o
                0x080015a0                StartTask03
 *fill*         0x080015b6        0x2 
 .text.HAL_TIM_PeriodElapsedCallback
                0x080015b8       0x24 ./Core/Src/main.o
                0x080015b8                HAL_TIM_PeriodElapsedCallback
 .text.Error_Handler
                0x080015dc        0xc ./Core/Src/main.o
                0x080015dc                Error_Handler
 .text.HAL_MspInit
                0x080015e8       0x70 ./Core/Src/stm32f1xx_hal_msp.o
                0x080015e8                HAL_MspInit
 .text.HAL_TIM_Base_MspInit
                0x08001658       0xb4 ./Core/Src/stm32f1xx_hal_msp.o
                0x08001658                HAL_TIM_Base_MspInit
 .text.HAL_TIM_MspPostInit
                0x0800170c       0x60 ./Core/Src/stm32f1xx_hal_msp.o
                0x0800170c                HAL_TIM_MspPostInit
 .text.HAL_InitTick
                0x0800176c       0xe4 ./Core/Src/stm32f1xx_hal_timebase_tim.o
                0x0800176c                HAL_InitTick
 .text.NMI_Handler
                0x08001850        0x8 ./Core/Src/stm32f1xx_it.o
                0x08001850                NMI_Handler
 .text.HardFault_Handler
                0x08001858        0x8 ./Core/Src/stm32f1xx_it.o
                0x08001858                HardFault_Handler
 .text.MemManage_Handler
                0x08001860        0x8 ./Core/Src/stm32f1xx_it.o
                0x08001860                MemManage_Handler
 .text.BusFault_Handler
                0x08001868        0x8 ./Core/Src/stm32f1xx_it.o
                0x08001868                BusFault_Handler
 .text.UsageFault_Handler
                0x08001870        0x8 ./Core/Src/stm32f1xx_it.o
                0x08001870                UsageFault_Handler
 .text.DebugMon_Handler
                0x08001878        0xc ./Core/Src/stm32f1xx_it.o
                0x08001878                DebugMon_Handler
 .text.TIM1_UP_IRQHandler
                0x08001884       0x14 ./Core/Src/stm32f1xx_it.o
                0x08001884                TIM1_UP_IRQHandler
 .text.TIM4_IRQHandler
                0x08001898       0x14 ./Core/Src/stm32f1xx_it.o
                0x08001898                TIM4_IRQHandler
 .text._getpid  0x080018ac        0xe ./Core/Src/syscalls.o
                0x080018ac                _getpid
 .text._kill    0x080018ba       0x20 ./Core/Src/syscalls.o
                0x080018ba                _kill
 .text._exit    0x080018da       0x16 ./Core/Src/syscalls.o
                0x080018da                _exit
 .text._sbrk    0x080018f0       0x6c ./Core/Src/sysmem.o
                0x080018f0                _sbrk
 .text.SystemInit
                0x0800195c        0xc ./Core/Src/system_stm32f1xx.o
                0x0800195c                SystemInit
 .text.Reset_Handler
                0x08001968       0x48 ./Core/Startup/startup_stm32f103c8tx.o
                0x08001968                Reset_Handler
 .text.Default_Handler
                0x080019b0        0x2 ./Core/Startup/startup_stm32f103c8tx.o
                0x080019b0                RTC_Alarm_IRQHandler
                0x080019b0                EXTI2_IRQHandler
                0x080019b0                TIM1_CC_IRQHandler
                0x080019b0                PVD_IRQHandler
                0x080019b0                EXTI3_IRQHandler
                0x080019b0                EXTI0_IRQHandler
                0x080019b0                I2C2_EV_IRQHandler
                0x080019b0                ADC1_2_IRQHandler
                0x080019b0                SPI1_IRQHandler
                0x080019b0                TAMPER_IRQHandler
                0x080019b0                DMA1_Channel4_IRQHandler
                0x080019b0                USART3_IRQHandler
                0x080019b0                RTC_IRQHandler
                0x080019b0                DMA1_Channel7_IRQHandler
                0x080019b0                CAN1_RX1_IRQHandler
                0x080019b0                I2C1_EV_IRQHandler
                0x080019b0                DMA1_Channel6_IRQHandler
                0x080019b0                TIM3_IRQHandler
                0x080019b0                RCC_IRQHandler
                0x080019b0                TIM1_TRG_COM_IRQHandler
                0x080019b0                DMA1_Channel1_IRQHandler
                0x080019b0                Default_Handler
                0x080019b0                EXTI15_10_IRQHandler
                0x080019b0                EXTI9_5_IRQHandler
                0x080019b0                SPI2_IRQHandler
                0x080019b0                DMA1_Channel5_IRQHandler
                0x080019b0                EXTI4_IRQHandler
                0x080019b0                USB_LP_CAN1_RX0_IRQHandler
                0x080019b0                USB_HP_CAN1_TX_IRQHandler
                0x080019b0                DMA1_Channel3_IRQHandler
                0x080019b0                WWDG_IRQHandler
                0x080019b0                TIM2_IRQHandler
                0x080019b0                TIM1_BRK_IRQHandler
                0x080019b0                EXTI1_IRQHandler
                0x080019b0                USART2_IRQHandler
                0x080019b0                I2C2_ER_IRQHandler
                0x080019b0                DMA1_Channel2_IRQHandler
                0x080019b0                CAN1_SCE_IRQHandler
                0x080019b0                FLASH_IRQHandler
                0x080019b0                USART1_IRQHandler
                0x080019b0                I2C1_ER_IRQHandler
                0x080019b0                USBWakeUp_IRQHandler
 *fill*         0x080019b2        0x2 
 .text.HAL_Init
                0x080019b4       0x2c ./Drivers/STM32F1xx_HAL_Driver/Src/stm32f1xx_hal.o
                0x080019b4                HAL_Init
 .text.HAL_IncTick
                0x080019e0       0x24 ./Drivers/STM32F1xx_HAL_Driver/Src/stm32f1xx_hal.o
                0x080019e0                HAL_IncTick
 .text.HAL_GetTick
                0x08001a04       0x14 ./Drivers/STM32F1xx_HAL_Driver/Src/stm32f1xx_hal.o
                0x08001a04                HAL_GetTick
 .text.__NVIC_SetPriorityGrouping
                0x08001a18       0x48 ./Drivers/STM32F1xx_HAL_Driver/Src/stm32f1xx_hal_cortex.o
 .text.__NVIC_GetPriorityGrouping
                0x08001a60       0x1c ./Drivers/STM32F1xx_HAL_Driver/Src/stm32f1xx_hal_cortex.o
 .text.__NVIC_EnableIRQ
                0x08001a7c       0x38 ./Drivers/STM32F1xx_HAL_Driver/Src/stm32f1xx_hal_cortex.o
 .text.__NVIC_SetPriority
                0x08001ab4       0x54 ./Drivers/STM32F1xx_HAL_Driver/Src/stm32f1xx_hal_cortex.o
 .text.NVIC_EncodePriority
                0x08001b08       0x64 ./Drivers/STM32F1xx_HAL_Driver/Src/stm32f1xx_hal_cortex.o
 .text.HAL_NVIC_SetPriorityGrouping
                0x08001b6c       0x16 ./Drivers/STM32F1xx_HAL_Driver/Src/stm32f1xx_hal_cortex.o
                0x08001b6c                HAL_NVIC_SetPriorityGrouping
 .text.HAL_NVIC_SetPriority
                0x08001b82       0x38 ./Drivers/STM32F1xx_HAL_Driver/Src/stm32f1xx_hal_cortex.o
                0x08001b82                HAL_NVIC_SetPriority
 .text.HAL_NVIC_EnableIRQ
                0x08001bba       0x1c ./Drivers/STM32F1xx_HAL_Driver/Src/stm32f1xx_hal_cortex.o
                0x08001bba                HAL_NVIC_EnableIRQ
 *fill*         0x08001bd6        0x2 
 .text.HAL_GPIO_Init
                0x08001bd8      0x308 ./Drivers/STM32F1xx_HAL_Driver/Src/stm32f1xx_hal_gpio.o
                0x08001bd8                HAL_GPIO_Init
 .text.HAL_GPIO_WritePin
                0x08001ee0       0x30 ./Drivers/STM32F1xx_HAL_Driver/Src/stm32f1xx_hal_gpio.o
                0x08001ee0                HAL_GPIO_WritePin
 .text.HAL_RCC_OscConfig
                0x08001f10      0x504 ./Drivers/STM32F1xx_HAL_Driver/Src/stm32f1xx_hal_rcc.o
                0x08001f10                HAL_RCC_OscConfig
 .text.HAL_RCC_ClockConfig
                0x08002414      0x1d4 ./Drivers/STM32F1xx_HAL_Driver/Src/stm32f1xx_hal_rcc.o
                0x08002414                HAL_RCC_ClockConfig
 .text.HAL_RCC_GetSysClockFreq
                0x080025e8       0xa8 ./Drivers/STM32F1xx_HAL_Driver/Src/stm32f1xx_hal_rcc.o
                0x080025e8                HAL_RCC_GetSysClockFreq
 .text.HAL_RCC_GetHCLKFreq
                0x08002690       0x14 ./Drivers/STM32F1xx_HAL_Driver/Src/stm32f1xx_hal_rcc.o
                0x08002690                HAL_RCC_GetHCLKFreq
 .text.HAL_RCC_GetPCLK2Freq
                0x080026a4       0x28 ./Drivers/STM32F1xx_HAL_Driver/Src/stm32f1xx_hal_rcc.o
                0x080026a4                HAL_RCC_GetPCLK2Freq
 .text.HAL_RCC_GetClockConfig
                0x080026cc       0x60 ./Drivers/STM32F1xx_HAL_Driver/Src/stm32f1xx_hal_rcc.o
                0x080026cc                HAL_RCC_GetClockConfig
 .text.RCC_Delay
                0x0800272c       0x3c ./Drivers/STM32F1xx_HAL_Driver/Src/stm32f1xx_hal_rcc.o
 .text.HAL_TIM_Base_Init
                0x08002768       0x9e ./Drivers/STM32F1xx_HAL_Driver/Src/stm32f1xx_hal_tim.o
                0x08002768                HAL_TIM_Base_Init
 *fill*         0x08002806        0x2 
 .text.HAL_TIM_Base_Start_IT
                0x08002808       0xa4 ./Drivers/STM32F1xx_HAL_Driver/Src/stm32f1xx_hal_tim.o
                0x08002808                HAL_TIM_Base_Start_IT
 .text.HAL_TIM_PWM_Init
                0x080028ac       0x9e ./Drivers/STM32F1xx_HAL_Driver/Src/stm32f1xx_hal_tim.o
                0x080028ac                HAL_TIM_PWM_Init
 .text.HAL_TIM_PWM_MspInit
                0x0800294a       0x12 ./Drivers/STM32F1xx_HAL_Driver/Src/stm32f1xx_hal_tim.o
                0x0800294a                HAL_TIM_PWM_MspInit
 .text.HAL_TIM_PWM_Start
                0x0800295c      0x144 ./Drivers/STM32F1xx_HAL_Driver/Src/stm32f1xx_hal_tim.o
                0x0800295c                HAL_TIM_PWM_Start
 .text.HAL_TIM_IC_Init
                0x08002aa0       0x9e ./Drivers/STM32F1xx_HAL_Driver/Src/stm32f1xx_hal_tim.o
                0x08002aa0                HAL_TIM_IC_Init
 .text.HAL_TIM_IC_MspInit
                0x08002b3e       0x12 ./Drivers/STM32F1xx_HAL_Driver/Src/stm32f1xx_hal_tim.o
                0x08002b3e                HAL_TIM_IC_MspInit
 .text.HAL_TIM_IC_Start_IT
                0x08002b50      0x218 ./Drivers/STM32F1xx_HAL_Driver/Src/stm32f1xx_hal_tim.o
                0x08002b50                HAL_TIM_IC_Start_IT
 .text.HAL_TIM_IRQHandler
                0x08002d68      0x1e0 ./Drivers/STM32F1xx_HAL_Driver/Src/stm32f1xx_hal_tim.o
                0x08002d68                HAL_TIM_IRQHandler
 .text.HAL_TIM_IC_ConfigChannel
                0x08002f48      0x138 ./Drivers/STM32F1xx_HAL_Driver/Src/stm32f1xx_hal_tim.o
                0x08002f48                HAL_TIM_IC_ConfigChannel
 .text.HAL_TIM_PWM_ConfigChannel
                0x08003080      0x184 ./Drivers/STM32F1xx_HAL_Driver/Src/stm32f1xx_hal_tim.o
                0x08003080                HAL_TIM_PWM_ConfigChannel
 .text.HAL_TIM_ConfigClockSource
                0x08003204      0x18e ./Drivers/STM32F1xx_HAL_Driver/Src/stm32f1xx_hal_tim.o
                0x08003204                HAL_TIM_ConfigClockSource
 *fill*         0x08003392        0x2 
 .text.HAL_TIM_ReadCapturedValue
                0x08003394       0x88 ./Drivers/STM32F1xx_HAL_Driver/Src/stm32f1xx_hal_tim.o
                0x08003394                HAL_TIM_ReadCapturedValue
 .text.HAL_TIM_OC_DelayElapsedCallback
                0x0800341c       0x12 ./Drivers/STM32F1xx_HAL_Driver/Src/stm32f1xx_hal_tim.o
                0x0800341c                HAL_TIM_OC_DelayElapsedCallback
 .text.HAL_TIM_PWM_PulseFinishedCallback
                0x0800342e       0x12 ./Drivers/STM32F1xx_HAL_Driver/Src/stm32f1xx_hal_tim.o
                0x0800342e                HAL_TIM_PWM_PulseFinishedCallback
 .text.HAL_TIM_TriggerCallback
                0x08003440       0x12 ./Drivers/STM32F1xx_HAL_Driver/Src/stm32f1xx_hal_tim.o
                0x08003440                HAL_TIM_TriggerCallback
 .text.HAL_TIM_GetActiveChannel
                0x08003452       0x16 ./Drivers/STM32F1xx_HAL_Driver/Src/stm32f1xx_hal_tim.o
                0x08003452                HAL_TIM_GetActiveChannel
 .text.TIM_Base_SetConfig
                0x08003468       0xdc ./Drivers/STM32F1xx_HAL_Driver/Src/stm32f1xx_hal_tim.o
                0x08003468                TIM_Base_SetConfig
 .text.TIM_OC1_SetConfig
                0x08003544       0xcc ./Drivers/STM32F1xx_HAL_Driver/Src/stm32f1xx_hal_tim.o
 .text.TIM_OC2_SetConfig
                0x08003610       0xd4 ./Drivers/STM32F1xx_HAL_Driver/Src/stm32f1xx_hal_tim.o
                0x08003610                TIM_OC2_SetConfig
 .text.TIM_OC3_SetConfig
                0x080036e4       0xd4 ./Drivers/STM32F1xx_HAL_Driver/Src/stm32f1xx_hal_tim.o
 .text.TIM_OC4_SetConfig
                0x080037b8       0x9c ./Drivers/STM32F1xx_HAL_Driver/Src/stm32f1xx_hal_tim.o
 .text.TIM_TI1_SetConfig
                0x08003854       0xb4 ./Drivers/STM32F1xx_HAL_Driver/Src/stm32f1xx_hal_tim.o
                0x08003854                TIM_TI1_SetConfig
 .text.TIM_TI1_ConfigInputStage
                0x08003908       0x5c ./Drivers/STM32F1xx_HAL_Driver/Src/stm32f1xx_hal_tim.o
 .text.TIM_TI2_SetConfig
                0x08003964       0x78 ./Drivers/STM32F1xx_HAL_Driver/Src/stm32f1xx_hal_tim.o
 .text.TIM_TI2_ConfigInputStage
                0x080039dc       0x5e ./Drivers/STM32F1xx_HAL_Driver/Src/stm32f1xx_hal_tim.o
 .text.TIM_TI3_SetConfig
                0x08003a3a       0x76 ./Drivers/STM32F1xx_HAL_Driver/Src/stm32f1xx_hal_tim.o
 .text.TIM_TI4_SetConfig
                0x08003ab0       0x78 ./Drivers/STM32F1xx_HAL_Driver/Src/stm32f1xx_hal_tim.o
 .text.TIM_ITRx_SetConfig
                0x08003b28       0x34 ./Drivers/STM32F1xx_HAL_Driver/Src/stm32f1xx_hal_tim.o
 .text.TIM_ETR_SetConfig
                0x08003b5c       0x3e ./Drivers/STM32F1xx_HAL_Driver/Src/stm32f1xx_hal_tim.o
                0x08003b5c                TIM_ETR_SetConfig
 .text.TIM_CCxChannelCmd
                0x08003b9a       0x48 ./Drivers/STM32F1xx_HAL_Driver/Src/stm32f1xx_hal_tim.o
                0x08003b9a                TIM_CCxChannelCmd
 *fill*         0x08003be2        0x2 
 .text.HAL_TIMEx_MasterConfigSynchronization
                0x08003be4       0xbc ./Drivers/STM32F1xx_HAL_Driver/Src/stm32f1xx_hal_tim_ex.o
                0x08003be4                HAL_TIMEx_MasterConfigSynchronization
 .text.HAL_TIMEx_CommutCallback
                0x08003ca0       0x12 ./Drivers/STM32F1xx_HAL_Driver/Src/stm32f1xx_hal_tim_ex.o
                0x08003ca0                HAL_TIMEx_CommutCallback
 .text.HAL_TIMEx_BreakCallback
                0x08003cb2       0x12 ./Drivers/STM32F1xx_HAL_Driver/Src/stm32f1xx_hal_tim_ex.o
                0x08003cb2                HAL_TIMEx_BreakCallback
 .text.__NVIC_SetPriority
                0x08003cc4       0x54 ./Middlewares/Third_Party/FreeRTOS/Source/CMSIS_RTOS_V2/cmsis_os2.o
 .text.SysTick_Handler
                0x08003d18       0x20 ./Middlewares/Third_Party/FreeRTOS/Source/CMSIS_RTOS_V2/cmsis_os2.o
                0x08003d18                SysTick_Handler
 .text.SVC_Setup
                0x08003d38       0x12 ./Middlewares/Third_Party/FreeRTOS/Source/CMSIS_RTOS_V2/cmsis_os2.o
 *fill*         0x08003d4a        0x2 
 .text.osKernelInitialize
                0x08003d4c       0x44 ./Middlewares/Third_Party/FreeRTOS/Source/CMSIS_RTOS_V2/cmsis_os2.o
                0x08003d4c                osKernelInitialize
 .text.osKernelStart
                0x08003d90       0x4c ./Middlewares/Third_Party/FreeRTOS/Source/CMSIS_RTOS_V2/cmsis_os2.o
                0x08003d90                osKernelStart
 .text.osThreadNew
                0x08003ddc      0x124 ./Middlewares/Third_Party/FreeRTOS/Source/CMSIS_RTOS_V2/cmsis_os2.o
                0x08003ddc                osThreadNew
 .text.osDelay  0x08003f00       0x36 ./Middlewares/Third_Party/FreeRTOS/Source/CMSIS_RTOS_V2/cmsis_os2.o
                0x08003f00                osDelay
 *fill*         0x08003f36        0x2 
 .text.vApplicationGetIdleTaskMemory
                0x08003f38       0x30 ./Middlewares/Third_Party/FreeRTOS/Source/CMSIS_RTOS_V2/cmsis_os2.o
                0x08003f38                vApplicationGetIdleTaskMemory
 .text.vApplicationGetTimerTaskMemory
                0x08003f68       0x34 ./Middlewares/Third_Party/FreeRTOS/Source/CMSIS_RTOS_V2/cmsis_os2.o
                0x08003f68                vApplicationGetTimerTaskMemory
 .text.vListInitialise
                0x08003f9c       0x3e ./Middlewares/Third_Party/FreeRTOS/Source/list.o
                0x08003f9c                vListInitialise
 .text.vListInitialiseItem
                0x08003fda       0x18 ./Middlewares/Third_Party/FreeRTOS/Source/list.o
                0x08003fda                vListInitialiseItem
 .text.vListInsertEnd
                0x08003ff2       0x46 ./Middlewares/Third_Party/FreeRTOS/Source/list.o
                0x08003ff2                vListInsertEnd
 .text.vListInsert
                0x08004038       0x70 ./Middlewares/Third_Party/FreeRTOS/Source/list.o
                0x08004038                vListInsert
 .text.uxListRemove
                0x080040a8       0x52 ./Middlewares/Third_Party/FreeRTOS/Source/list.o
                0x080040a8                uxListRemove
 *fill*         0x080040fa        0x2 
 .text.xQueueGenericReset
                0x080040fc       0xd4 ./Middlewares/Third_Party/FreeRTOS/Source/queue.o
                0x080040fc                xQueueGenericReset
 .text.xQueueGenericCreateStatic
                0x080041d0       0xfa ./Middlewares/Third_Party/FreeRTOS/Source/queue.o
                0x080041d0                xQueueGenericCreateStatic
 .text.prvInitialiseNewQueue
                0x080042ca       0x46 ./Middlewares/Third_Party/FreeRTOS/Source/queue.o
 .text.xQueueGenericSend
                0x08004310      0x204 ./Middlewares/Third_Party/FreeRTOS/Source/queue.o
                0x08004310                xQueueGenericSend
 .text.xQueueGenericSendFromISR
                0x08004514      0x13c ./Middlewares/Third_Party/FreeRTOS/Source/queue.o
                0x08004514                xQueueGenericSendFromISR
 .text.xQueueReceive
                0x08004650      0x1c4 ./Middlewares/Third_Party/FreeRTOS/Source/queue.o
                0x08004650                xQueueReceive
 .text.prvCopyDataToQueue
                0x08004814       0xd4 ./Middlewares/Third_Party/FreeRTOS/Source/queue.o
 .text.prvCopyDataFromQueue
                0x080048e8       0x4c ./Middlewares/Third_Party/FreeRTOS/Source/queue.o
 .text.prvUnlockQueue
                0x08004934       0xa4 ./Middlewares/Third_Party/FreeRTOS/Source/queue.o
 .text.prvIsQueueEmpty
                0x080049d8       0x2c ./Middlewares/Third_Party/FreeRTOS/Source/queue.o
 .text.prvIsQueueFull
                0x08004a04       0x30 ./Middlewares/Third_Party/FreeRTOS/Source/queue.o
 .text.vQueueAddToRegistry
                0x08004a34       0x50 ./Middlewares/Third_Party/FreeRTOS/Source/queue.o
                0x08004a34                vQueueAddToRegistry
 .text.vQueueWaitForMessageRestricted
                0x08004a84       0x68 ./Middlewares/Third_Party/FreeRTOS/Source/queue.o
                0x08004a84                vQueueWaitForMessageRestricted
 .text.xTaskCreateStatic
                0x08004aec       0xc0 ./Middlewares/Third_Party/FreeRTOS/Source/tasks.o
                0x08004aec                xTaskCreateStatic
 .text.xTaskCreate
                0x08004bac       0x8a ./Middlewares/Third_Party/FreeRTOS/Source/tasks.o
                0x08004bac                xTaskCreate
 .text.prvInitialiseNewTask
                0x08004c36      0x120 ./Middlewares/Third_Party/FreeRTOS/Source/tasks.o
 *fill*         0x08004d56        0x2 
 .text.prvAddNewTaskToReadyList
                0x08004d58       0xe0 ./Middlewares/Third_Party/FreeRTOS/Source/tasks.o
 .text.vTaskDelay
                0x08004e38       0x6c ./Middlewares/Third_Party/FreeRTOS/Source/tasks.o
                0x08004e38                vTaskDelay
 .text.vTaskStartScheduler
                0x08004ea4       0xd0 ./Middlewares/Third_Party/FreeRTOS/Source/tasks.o
                0x08004ea4                vTaskStartScheduler
 .text.vTaskSuspendAll
                0x08004f74       0x1c ./Middlewares/Third_Party/FreeRTOS/Source/tasks.o
                0x08004f74                vTaskSuspendAll
 .text.xTaskResumeAll
                0x08004f90      0x13c ./Middlewares/Third_Party/FreeRTOS/Source/tasks.o
                0x08004f90                xTaskResumeAll
 .text.xTaskGetTickCount
                0x080050cc       0x1c ./Middlewares/Third_Party/FreeRTOS/Source/tasks.o
                0x080050cc                xTaskGetTickCount
 .text.xTaskIncrementTick
                0x080050e8      0x174 ./Middlewares/Third_Party/FreeRTOS/Source/tasks.o
                0x080050e8                xTaskIncrementTick
 .text.vTaskSwitchContext
                0x0800525c       0xbc ./Middlewares/Third_Party/FreeRTOS/Source/tasks.o
                0x0800525c                vTaskSwitchContext
 .text.vTaskPlaceOnEventList
                0x08005318       0x4c ./Middlewares/Third_Party/FreeRTOS/Source/tasks.o
                0x08005318                vTaskPlaceOnEventList
 .text.vTaskPlaceOnEventListRestricted
                0x08005364       0x58 ./Middlewares/Third_Party/FreeRTOS/Source/tasks.o
                0x08005364                vTaskPlaceOnEventListRestricted
 .text.xTaskRemoveFromEventList
                0x080053bc       0xc8 ./Middlewares/Third_Party/FreeRTOS/Source/tasks.o
                0x080053bc                xTaskRemoveFromEventList
 .text.vTaskInternalSetTimeOutState
                0x08005484       0x2c ./Middlewares/Third_Party/FreeRTOS/Source/tasks.o
                0x08005484                vTaskInternalSetTimeOutState
 .text.xTaskCheckForTimeOut
                0x080054b0       0xc8 ./Middlewares/Third_Party/FreeRTOS/Source/tasks.o
                0x080054b0                xTaskCheckForTimeOut
 .text.vTaskMissedYield
                0x08005578       0x18 ./Middlewares/Third_Party/FreeRTOS/Source/tasks.o
                0x08005578                vTaskMissedYield
 .text.prvIdleTask
                0x08005590       0x30 ./Middlewares/Third_Party/FreeRTOS/Source/tasks.o
 .text.prvInitialiseTaskLists
                0x080055c0       0x80 ./Middlewares/Third_Party/FreeRTOS/Source/tasks.o
 .text.prvCheckTasksWaitingTermination
                0x08005640       0x5c ./Middlewares/Third_Party/FreeRTOS/Source/tasks.o
 .text.prvDeleteTCB
                0x0800569c       0x60 ./Middlewares/Third_Party/FreeRTOS/Source/tasks.o
 .text.prvResetNextTaskUnblockTime
                0x080056fc       0x40 ./Middlewares/Third_Party/FreeRTOS/Source/tasks.o
 .text.xTaskGetSchedulerState
                0x0800573c       0x3c ./Middlewares/Third_Party/FreeRTOS/Source/tasks.o
                0x0800573c                xTaskGetSchedulerState
 .text.xTaskPriorityDisinherit
                0x08005778       0xe0 ./Middlewares/Third_Party/FreeRTOS/Source/tasks.o
                0x08005778                xTaskPriorityDisinherit
 .text.prvAddCurrentTaskToDelayedList
                0x08005858       0xa8 ./Middlewares/Third_Party/FreeRTOS/Source/tasks.o
 .text.xTimerCreateTimerTask
                0x08005900       0x94 ./Middlewares/Third_Party/FreeRTOS/Source/timers.o
                0x08005900                xTimerCreateTimerTask
 .text.xTimerGenericCommand
                0x08005994       0x9c ./Middlewares/Third_Party/FreeRTOS/Source/timers.o
                0x08005994                xTimerGenericCommand
 .text.prvProcessExpiredTimer
                0x08005a30       0x9c ./Middlewares/Third_Party/FreeRTOS/Source/timers.o
 .text.prvTimerTask
                0x08005acc       0x26 ./Middlewares/Third_Party/FreeRTOS/Source/timers.o
 *fill*         0x08005af2        0x2 
 .text.prvProcessTimerOrBlockTask
                0x08005af4       0x9c ./Middlewares/Third_Party/FreeRTOS/Source/timers.o
 .text.prvGetNextExpireTime
                0x08005b90       0x44 ./Middlewares/Third_Party/FreeRTOS/Source/timers.o
 .text.prvSampleTimeNow
                0x08005bd4       0x40 ./Middlewares/Third_Party/FreeRTOS/Source/timers.o
 .text.prvInsertTimerInActiveList
                0x08005c14       0x84 ./Middlewares/Third_Party/FreeRTOS/Source/timers.o
 .text.prvProcessReceivedCommands
                0x08005c98      0x1cc ./Middlewares/Third_Party/FreeRTOS/Source/timers.o
 .text.prvSwitchTimerLists
                0x08005e64       0xcc ./Middlewares/Third_Party/FreeRTOS/Source/timers.o
 .text.prvCheckForValidListAndQueue
                0x08005f30       0x80 ./Middlewares/Third_Party/FreeRTOS/Source/timers.o
 .text.pxPortInitialiseStack
                0x08005fb0       0x58 ./Middlewares/Third_Party/FreeRTOS/Source/portable/GCC/ARM_CM3/port.o
                0x08005fb0                pxPortInitialiseStack
 .text.prvTaskExitError
                0x08006008       0x58 ./Middlewares/Third_Party/FreeRTOS/Source/portable/GCC/ARM_CM3/port.o
 .text.SVC_Handler
                0x08006060       0x28 ./Middlewares/Third_Party/FreeRTOS/Source/portable/GCC/ARM_CM3/port.o
                0x08006060                SVC_Handler
 .text.prvPortStartFirstTask
                0x08006088       0x20 ./Middlewares/Third_Party/FreeRTOS/Source/portable/GCC/ARM_CM3/port.o
 .text.xPortStartScheduler
                0x080060a8       0xe4 ./Middlewares/Third_Party/FreeRTOS/Source/portable/GCC/ARM_CM3/port.o
                0x080060a8                xPortStartScheduler
 .text.vPortEnterCritical
                0x0800618c       0x60 ./Middlewares/Third_Party/FreeRTOS/Source/portable/GCC/ARM_CM3/port.o
                0x0800618c                vPortEnterCritical
 .text.vPortExitCritical
                0x080061ec       0x54 ./Middlewares/Third_Party/FreeRTOS/Source/portable/GCC/ARM_CM3/port.o
                0x080061ec                vPortExitCritical
 .text.PendSV_Handler
                0x08006240       0x48 ./Middlewares/Third_Party/FreeRTOS/Source/portable/GCC/ARM_CM3/port.o
                0x08006240                PendSV_Handler
 .text.xPortSysTickHandler
                0x08006288       0x44 ./Middlewares/Third_Party/FreeRTOS/Source/portable/GCC/ARM_CM3/port.o
                0x08006288                xPortSysTickHandler
 .text.vPortSetupTimerInterrupt
                0x080062cc       0x44 ./Middlewares/Third_Party/FreeRTOS/Source/portable/GCC/ARM_CM3/port.o
                0x080062cc                vPortSetupTimerInterrupt
 .text.vPortValidateInterruptPriority
                0x08006310       0x80 ./Middlewares/Third_Party/FreeRTOS/Source/portable/GCC/ARM_CM3/port.o
                0x08006310                vPortValidateInterruptPriority
 .text.pvPortMalloc
                0x08006390      0x19c ./Middlewares/Third_Party/FreeRTOS/Source/portable/MemMang/heap_4.o
                0x08006390                pvPortMalloc
 .text.vPortFree
                0x0800652c       0xc8 ./Middlewares/Third_Party/FreeRTOS/Source/portable/MemMang/heap_4.o
                0x0800652c                vPortFree
 .text.prvHeapInit
                0x080065f4       0xc4 ./Middlewares/Third_Party/FreeRTOS/Source/portable/MemMang/heap_4.o
 .text.prvInsertBlockIntoFreeList
                0x080066b8       0xb0 ./Middlewares/Third_Party/FreeRTOS/Source/portable/MemMang/heap_4.o
 .text._Znwj    0x08006768       0x22 D:/cubeide/STM32CubeIDE_2.0.0/STM32CubeIDE/plugins/com.st.stm32cube.ide.mcu.externaltools.gnu-tools-for-stm32.13.3.rel1.win32_1.0.100.202509120712/tools/bin/../lib/gcc/arm-none-eabi/13.3.1/../../../../arm-none-eabi/lib/thumb/v7-m/nofp\libstdc++_nano.a(new_op.o)
                0x08006768                operator new(unsigned int)
 *fill*         0x0800678a        0x2 
 .text._ZSt15get_new_handlerv
                0x0800678c       0x10 D:/cubeide/STM32CubeIDE_2.0.0/STM32CubeIDE/plugins/com.st.stm32cube.ide.mcu.externaltools.gnu-tools-for-stm32.13.3.rel1.win32_1.0.100.202509120712/tools/bin/../lib/gcc/arm-none-eabi/13.3.1/../../../../arm-none-eabi/lib/thumb/v7-m/nofp\libstdc++_nano.a(new_handler.o)
                0x0800678c                std::get_new_handler()
 .text.abort    0x0800679c        0xe D:/cubeide/STM32CubeIDE_2.0.0/STM32CubeIDE/plugins/com.st.stm32cube.ide.mcu.externaltools.gnu-tools-for-stm32.13.3.rel1.win32_1.0.100.202509120712/tools/bin/../lib/gcc/arm-none-eabi/13.3.1/../../../../arm-none-eabi/lib/thumb/v7-m/nofp\libc_nano.a(libc_a-abort.o)
                0x0800679c                abort
 *fill*         0x080067aa        0x2 
 .text.malloc   0x080067ac       0x10 D:/cubeide/STM32CubeIDE_2.0.0/STM32CubeIDE/plugins/com.st.stm32cube.ide.mcu.externaltools.gnu-tools-for-stm32.13.3.rel1.win32_1.0.100.202509120712/tools/bin/../lib/gcc/arm-none-eabi/13.3.1/../../../../arm-none-eabi/lib/thumb/v7-m/nofp\libc_nano.a(libc_a-malloc.o)
                0x080067ac                malloc
 .text.sbrk_aligned
                0x080067bc       0x44 D:/cubeide/STM32CubeIDE_2.0.0/STM32CubeIDE/plugins/com.st.stm32cube.ide.mcu.externaltools.gnu-tools-for-stm32.13.3.rel1.win32_1.0.100.202509120712/tools/bin/../lib/gcc/arm-none-eabi/13.3.1/../../../../arm-none-eabi/lib/thumb/v7-m/nofp\libc_nano.a(libc_a-mallocr.o)
 .text._malloc_r
                0x08006800      0x100 D:/cubeide/STM32CubeIDE_2.0.0/STM32CubeIDE/plugins/com.st.stm32cube.ide.mcu.externaltools.gnu-tools-for-stm32.13.3.rel1.win32_1.0.100.202509120712/tools/bin/../lib/gcc/arm-none-eabi/13.3.1/../../../../arm-none-eabi/lib/thumb/v7-m/nofp\libc_nano.a(libc_a-mallocr.o)
                0x08006800                _malloc_r
 .text.__malloc_lock
                0x08006900        0xc D:/cubeide/STM32CubeIDE_2.0.0/STM32CubeIDE/plugins/com.st.stm32cube.ide.mcu.externaltools.gnu-tools-for-stm32.13.3.rel1.win32_1.0.100.202509120712/tools/bin/../lib/gcc/arm-none-eabi/13.3.1/../../../../arm-none-eabi/lib/thumb/v7-m/nofp\libc_nano.a(libc_a-mlock.o)
                0x08006900                __malloc_lock
 .text.__malloc_unlock
                0x0800690c        0xc D:/cubeide/STM32CubeIDE_2.0.0/STM32CubeIDE/plugins/com.st.stm32cube.ide.mcu.externaltools.gnu-tools-for-stm32.13.3.rel1.win32_1.0.100.202509120712/tools/bin/../lib/gcc/arm-none-eabi/13.3.1/../../../../arm-none-eabi/lib/thumb/v7-m/nofp\libc_nano.a(libc_a-mlock.o)
                0x0800690c                __malloc_unlock
 .text.memset   0x08006918       0x10 D:/cubeide/STM32CubeIDE_2.0.0/STM32CubeIDE/plugins/com.st.stm32cube.ide.mcu.externaltools.gnu-tools-for-stm32.13.3.rel1.win32_1.0.100.202509120712/tools/bin/../lib/gcc/arm-none-eabi/13.3.1/../../../../arm-none-eabi/lib/thumb/v7-m/nofp\libc_nano.a(libc_a-memset.o)
                0x08006918                memset
 .text._raise_r
                0x08006928       0x50 D:/cubeide/STM32CubeIDE_2.0.0/STM32CubeIDE/plugins/com.st.stm32cube.ide.mcu.externaltools.gnu-tools-for-stm32.13.3.rel1.win32_1.0.100.202509120712/tools/bin/../lib/gcc/arm-none-eabi/13.3.1/../../../../arm-none-eabi/lib/thumb/v7-m/nofp\libc_nano.a(libc_a-signal.o)
                0x08006928                _raise_r
 .text.raise    0x08006978       0x10 D:/cubeide/STM32CubeIDE_2.0.0/STM32CubeIDE/plugins/com.st.stm32cube.ide.mcu.externaltools.gnu-tools-for-stm32.13.3.rel1.win32_1.0.100.202509120712/tools/bin/../lib/gcc/arm-none-eabi/13.3.1/../../../../arm-none-eabi/lib/thumb/v7-m/nofp\libc_nano.a(libc_a-signal.o)
                0x08006978                raise
 .text._kill_r  0x08006988       0x24 D:/cubeide/STM32CubeIDE_2.0.0/STM32CubeIDE/plugins/com.st.stm32cube.ide.mcu.externaltools.gnu-tools-for-stm32.13.3.rel1.win32_1.0.100.202509120712/tools/bin/../lib/gcc/arm-none-eabi/13.3.1/../../../../arm-none-eabi/lib/thumb/v7-m/nofp\libc_nano.a(libc_a-signalr.o)
                0x08006988                _kill_r
 .text._getpid_r
                0x080069ac        0x4 D:/cubeide/STM32CubeIDE_2.0.0/STM32CubeIDE/plugins/com.st.stm32cube.ide.mcu.externaltools.gnu-tools-for-stm32.13.3.rel1.win32_1.0.100.202509120712/tools/bin/../lib/gcc/arm-none-eabi/13.3.1/../../../../arm-none-eabi/lib/thumb/v7-m/nofp\libc_nano.a(libc_a-signalr.o)
                0x080069ac                _getpid_r
 .text._sbrk_r  0x080069b0       0x20 D:/cubeide/STM32CubeIDE_2.0.0/STM32CubeIDE/plugins/com.st.stm32cube.ide.mcu.externaltools.gnu-tools-for-stm32.13.3.rel1.win32_1.0.100.202509120712/tools/bin/../lib/gcc/arm-none-eabi/13.3.1/../../../../arm-none-eabi/lib/thumb/v7-m/nofp\libc_nano.a(libc_a-sbrkr.o)
                0x080069b0                _sbrk_r
 .text.__errno  0x080069d0        0xc D:/cubeide/STM32CubeIDE_2.0.0/STM32CubeIDE/plugins/com.st.stm32cube.ide.mcu.externaltools.gnu-tools-for-stm32.13.3.rel1.win32_1.0.100.202509120712/tools/bin/../lib/gcc/arm-none-eabi/13.3.1/../../../../arm-none-eabi/lib/thumb/v7-m/nofp\libc_nano.a(libc_a-errno.o)
                0x080069d0                __errno
 .text.__libc_init_array
                0x080069dc       0x48 D:/cubeide/STM32CubeIDE_2.0.0/STM32CubeIDE/plugins/com.st.stm32cube.ide.mcu.externaltools.gnu-tools-for-stm32.13.3.rel1.win32_1.0.100.202509120712/tools/bin/../lib/gcc/arm-none-eabi/13.3.1/../../../../arm-none-eabi/lib/thumb/v7-m/nofp\libc_nano.a(libc_a-init.o)
                0x080069dc                __libc_init_array
 .text.__retarget_lock_acquire_recursive
                0x08006a24        0x2 D:/cubeide/STM32CubeIDE_2.0.0/STM32CubeIDE/plugins/com.st.stm32cube.ide.mcu.externaltools.gnu-tools-for-stm32.13.3.rel1.win32_1.0.100.202509120712/tools/bin/../lib/gcc/arm-none-eabi/13.3.1/../../../../arm-none-eabi/lib/thumb/v7-m/nofp\libc_nano.a(libc_a-lock.o)
                0x08006a24                __retarget_lock_acquire_recursive
 .text.__retarget_lock_release_recursive
                0x08006a26        0x2 D:/cubeide/STM32CubeIDE_2.0.0/STM32CubeIDE/plugins/com.st.stm32cube.ide.mcu.externaltools.gnu-tools-for-stm32.13.3.rel1.win32_1.0.100.202509120712/tools/bin/../lib/gcc/arm-none-eabi/13.3.1/../../../../arm-none-eabi/lib/thumb/v7-m/nofp\libc_nano.a(libc_a-lock.o)
                0x08006a26                __retarget_lock_release_recursive
 .text.memcpy   0x08006a28       0x1c D:/cubeide/STM32CubeIDE_2.0.0/STM32CubeIDE/plugins/com.st.stm32cube.ide.mcu.externaltools.gnu-tools-for-stm32.13.3.rel1.win32_1.0.100.202509120712/tools/bin/../lib/gcc/arm-none-eabi/13.3.1/../../../../arm-none-eabi/lib/thumb/v7-m/nofp\libc_nano.a(libc_a-memcpy-stub.o)
                0x08006a28                memcpy
 *(.glue_7)
 .glue_7        0x08006a44        0x0 linker stubs
 *(.glue_7t)
 .glue_7t       0x08006a44        0x0 linker stubs
 *(.eh_frame)
 .eh_frame      0x08006a44        0x0 D:/cubeide/STM32CubeIDE_2.0.0/STM32CubeIDE/plugins/com.st.stm32cube.ide.mcu.externaltools.gnu-tools-for-stm32.13.3.rel1.win32_1.0.100.202509120712/tools/bin/../lib/gcc/arm-none-eabi/13.3.1/thumb/v7-m/nofp/crtbegin.o
 *(.init)
 .init          0x08006a44        0x4 D:/cubeide/STM32CubeIDE_2.0.0/STM32CubeIDE/plugins/com.st.stm32cube.ide.mcu.externaltools.gnu-tools-for-stm32.13.3.rel1.win32_1.0.100.202509120712/tools/bin/../lib/gcc/arm-none-eabi/13.3.1/thumb/v7-m/nofp/crti.o
                0x08006a44                _init
 .init          0x08006a48        0x8 D:/cubeide/STM32CubeIDE_2.0.0/STM32CubeIDE/plugins/com.st.stm32cube.ide.mcu.externaltools.gnu-tools-for-stm32.13.3.rel1.win32_1.0.100.202509120712/tools/bin/../lib/gcc/arm-none-eabi/13.3.1/thumb/v7-m/nofp/crtn.o
 *(.fini)
 .fini          0x08006a50        0x4 D:/cubeide/STM32CubeIDE_2.0.0/STM32CubeIDE/plugins/com.st.stm32cube.ide.mcu.externaltools.gnu-tools-for-stm32.13.3.rel1.win32_1.0.100.202509120712/tools/bin/../lib/gcc/arm-none-eabi/13.3.1/thumb/v7-m/nofp/crti.o
                0x08006a50                _fini
 .fini          0x08006a54        0x8 D:/cubeide/STM32CubeIDE_2.0.0/STM32CubeIDE/plugins/com.st.stm32cube.ide.mcu.externaltools.gnu-tools-for-stm32.13.3.rel1.win32_1.0.100.202509120712/tools/bin/../lib/gcc/arm-none-eabi/13.3.1/thumb/v7-m/nofp/crtn.o
                0x08006a5c                        . = ALIGN (0x4)
                0x08006a5c                        _etext = .

.vfp11_veneer   0x08006a5c        0x0
 .vfp11_veneer  0x08006a5c        0x0 linker stubs

.v4_bx          0x08006a5c        0x0
 .v4_bx         0x08006a5c        0x0 linker stubs

.iplt           0x08006a5c        0x0
 .iplt          0x08006a5c        0x0 D:/cubeide/STM32CubeIDE_2.0.0/STM32CubeIDE/plugins/com.st.stm32cube.ide.mcu.externaltools.gnu-tools-for-stm32.13.3.rel1.win32_1.0.100.202509120712/tools/bin/../lib/gcc/arm-none-eabi/13.3.1/thumb/v7-m/nofp/crtbegin.o

.rodata         0x08006a5c       0xd4
                0x08006a5c                        . = ALIGN (0x4)
 *(.rodata)
 .rodata        0x08006a5c       0x22 ./Core/Src/main.o
 *fill*         0x08006a7e        0x2 
 .rodata        0x08006a80        0x5 ./Middlewares/Third_Party/FreeRTOS/Source/tasks.o
 *fill*         0x08006a85        0x3 
 .rodata        0x08006a88        0xd ./Middlewares/Third_Party/FreeRTOS/Source/timers.o
 *(.rodata*)
 *fill*         0x08006a95        0x3 
 .rodata.task_sensor_attributes
                0x08006a98       0x24 ./Core/Src/main.o
                0x08006a98                task_sensor_attributes
 .rodata.task_motor_attributes
                0x08006abc       0x24 ./Core/Src/main.o
                0x08006abc                task_motor_attributes
 .rodata.task_ctrl_attributes
                0x08006ae0       0x24 ./Core/Src/main.o
                0x08006ae0                task_ctrl_attributes
 .rodata.AHBPrescTable
                0x08006b04       0x10 ./Core/Src/system_stm32f1xx.o
                0x08006b04                AHBPrescTable
 .rodata.APBPrescTable
                0x08006b14        0x8 ./Core/Src/system_stm32f1xx.o
                0x08006b14                APBPrescTable
 .rodata.aPLLMULFactorTable.1
                0x08006b1c       0x10 ./Drivers/STM32F1xx_HAL_Driver/Src/stm32f1xx_hal_rcc.o
 .rodata.aPredivFactorTable.0
                0x08006b2c        0x2 ./Drivers/STM32F1xx_HAL_Driver/Src/stm32f1xx_hal_rcc.o
                0x08006b30                        . = ALIGN (0x4)
 *fill*         0x08006b2e        0x2 

.ARM.extab      0x08006b30        0x0
                0x08006b30                        . = ALIGN (0x4)
 *(.ARM.extab* .gnu.linkonce.armextab.*)
                0x08006b30                        . = ALIGN (0x4)

.ARM            0x08006b30        0x0
                0x08006b30                        . = ALIGN (0x4)
                0x08006b30                        __exidx_start = .
 *(.ARM.exidx*)
                0x08006b30                        __exidx_end = .
                0x08006b30                        . = ALIGN (0x4)

.preinit_array  0x08006b30        0x0
                0x08006b30                        . = ALIGN (0x4)
                0x08006b30                        PROVIDE (__preinit_array_start = .)
 *(.preinit_array*)
                0x08006b30                        PROVIDE (__preinit_array_end = .)
                0x08006b30                        . = ALIGN (0x4)

.init_array     0x08006b30        0x4
                0x08006b30                        . = ALIGN (0x4)
                0x08006b30                        PROVIDE (__init_array_start = .)
 *(SORT_BY_NAME(.init_array.*))
 *(.init_array*)
 .init_array    0x08006b30        0x4 D:/cubeide/STM32CubeIDE_2.0.0/STM32CubeIDE/plugins/com.st.stm32cube.ide.mcu.externaltools.gnu-tools-for-stm32.13.3.rel1.win32_1.0.100.202509120712/tools/bin/../lib/gcc/arm-none-eabi/13.3.1/thumb/v7-m/nofp/crtbegin.o
                0x08006b34                        PROVIDE (__init_array_end = .)
                0x08006b34                        . = ALIGN (0x4)

.fini_array     0x08006b34        0x4
                0x08006b34                        . = ALIGN (0x4)
                [!provide]                        PROVIDE (__fini_array_start = .)
 *(SORT_BY_NAME(.fini_array.*))
 *(.fini_array*)
 .fini_array    0x08006b34        0x4 D:/cubeide/STM32CubeIDE_2.0.0/STM32CubeIDE/plugins/com.st.stm32cube.ide.mcu.externaltools.gnu-tools-for-stm32.13.3.rel1.win32_1.0.100.202509120712/tools/bin/../lib/gcc/arm-none-eabi/13.3.1/thumb/v7-m/nofp/crtbegin.o
                [!provide]                        PROVIDE (__fini_array_end = .)
                0x08006b38                        . = ALIGN (0x4)
                0x08006b38                        _sidata = LOADADDR (.data)

.rel.dyn        0x08006b38        0x0
 .rel.iplt      0x08006b38        0x0 D:/cubeide/STM32CubeIDE_2.0.0/STM32CubeIDE/plugins/com.st.stm32cube.ide.mcu.externaltools.gnu-tools-for-stm32.13.3.rel1.win32_1.0.100.202509120712/tools/bin/../lib/gcc/arm-none-eabi/13.3.1/thumb/v7-m/nofp/crtbegin.o

.data           0x20000000       0x70 load address 0x08006b38
                0x20000000                        . = ALIGN (0x4)
                0x20000000                        _sdata = .
 *(.data)
 *(.data*)
 .data.g_SensorData
                0x20000000        0xc ./Core/Src/main.o
                0x20000000                g_SensorData
 .data.lastValidDist.0
                0x2000000c        0x4 ./Core/Src/main.o
 .data.SystemCoreClock
                0x20000010        0x4 ./Core/Src/system_stm32f1xx.o
                0x20000010                SystemCoreClock
 .data.uwTickPrio
                0x20000014        0x4 ./Drivers/STM32F1xx_HAL_Driver/Src/stm32f1xx_hal.o
                0x20000014                uwTickPrio
 .data.uwTickFreq
                0x20000018        0x1 ./Drivers/STM32F1xx_HAL_Driver/Src/stm32f1xx_hal.o
                0x20000018                uwTickFreq
 *fill*         0x20000019        0x3 
 .data.uxCriticalNesting
                0x2000001c        0x4 ./Middlewares/Third_Party/FreeRTOS/Source/portable/GCC/ARM_CM3/port.o
 .data._impure_ptr
                0x20000020        0x4 D:/cubeide/STM32CubeIDE_2.0.0/STM32CubeIDE/plugins/com.st.stm32cube.ide.mcu.externaltools.gnu-tools-for-stm32.13.3.rel1.win32_1.0.100.202509120712/tools/bin/../lib/gcc/arm-none-eabi/13.3.1/../../../../arm-none-eabi/lib/thumb/v7-m/nofp\libc_nano.a(libc_a-impure.o)
                0x20000020                _impure_ptr
 .data._impure_data
                0x20000024       0x4c D:/cubeide/STM32CubeIDE_2.0.0/STM32CubeIDE/plugins/com.st.stm32cube.ide.mcu.externaltools.gnu-tools-for-stm32.13.3.rel1.win32_1.0.100.202509120712/tools/bin/../lib/gcc/arm-none-eabi/13.3.1/../../../../arm-none-eabi/lib/thumb/v7-m/nofp\libc_nano.a(libc_a-impure.o)
                0x20000024                _impure_data
 *(.RamFunc)
 *(.RamFunc*)
                0x20000070                        . = ALIGN (0x4)
                0x20000070                        _edata = .

.igot.plt       0x20000070        0x0 load address 0x08006ba8
 .igot.plt      0x20000070        0x0 D:/cubeide/STM32CubeIDE_2.0.0/STM32CubeIDE/plugins/com.st.stm32cube.ide.mcu.externaltools.gnu-tools-for-stm32.13.3.rel1.win32_1.0.100.202509120712/tools/bin/../lib/gcc/arm-none-eabi/13.3.1/thumb/v7-m/nofp/crtbegin.o
                0x20000070                        . = ALIGN (0x4)

.bss            0x20000070     0x36d0 load address 0x08006ba8
                0x20000070                        _sbss = .
                0x20000070                        __bss_start__ = _sbss
 *(.bss)
 .bss           0x20000070       0x1c D:/cubeide/STM32CubeIDE_2.0.0/STM32CubeIDE/plugins/com.st.stm32cube.ide.mcu.externaltools.gnu-tools-for-stm32.13.3.rel1.win32_1.0.100.202509120712/tools/bin/../lib/gcc/arm-none-eabi/13.3.1/thumb/v7-m/nofp/crtbegin.o
 *(.bss*)
 .bss._ZN11SonarSensor11instanceMapE
                0x2000008c        0xc ./Core/Driver/SonarSensor/SonarSensor.o
                0x2000008c                SonarSensor::instanceMap
 .bss.htim2     0x20000098       0x48 ./Core/Src/main.o
                0x20000098                htim2
 .bss.htim4     0x200000e0       0x48 ./Core/Src/main.o
                0x200000e0                htim4
 .bss.task_sensorHandle
                0x20000128        0x4 ./Core/Src/main.o
                0x20000128                task_sensorHandle
 .bss.task_motorHandle
                0x2000012c        0x4 ./Core/Src/main.o
                0x2000012c                task_motorHandle
 .bss.task_ctrlHandle
                0x20000130        0x4 ./Core/Src/main.o
                0x20000130                task_ctrlHandle
 .bss.SonarFront
                0x20000134        0x4 ./Core/Src/main.o
                0x20000134                SonarFront
 .bss.SonarLeft
                0x20000138        0x4 ./Core/Src/main.o
                0x20000138                SonarLeft
 .bss.SonarRight
                0x2000013c        0x4 ./Core/Src/main.o
                0x2000013c                SonarRight
 .bss.motor     0x20000140        0x4 ./Core/Src/main.o
                0x20000140                motor
 .bss.htim1     0x20000144       0x48 ./Core/Src/stm32f1xx_hal_timebase_tim.o
                0x20000144                htim1
 .bss.__sbrk_heap_end
                0x2000018c        0x4 ./Core/Src/sysmem.o
 .bss.uwTick    0x20000190        0x4 ./Drivers/STM32F1xx_HAL_Driver/Src/stm32f1xx_hal.o
                0x20000190                uwTick
 .bss.KernelState
                0x20000194        0x4 ./Middlewares/Third_Party/FreeRTOS/Source/CMSIS_RTOS_V2/cmsis_os2.o
 .bss.Idle_TCB.3
                0x20000198       0x5c ./Middlewares/Third_Party/FreeRTOS/Source/CMSIS_RTOS_V2/cmsis_os2.o
 .bss.Idle_Stack.2
                0x200001f4      0x200 ./Middlewares/Third_Party/FreeRTOS/Source/CMSIS_RTOS_V2/cmsis_os2.o
 .bss.Timer_TCB.1
                0x200003f4       0x5c ./Middlewares/Third_Party/FreeRTOS/Source/CMSIS_RTOS_V2/cmsis_os2.o
 .bss.Timer_Stack.0
                0x20000450      0x400 ./Middlewares/Third_Party/FreeRTOS/Source/CMSIS_RTOS_V2/cmsis_os2.o
 .bss.xQueueRegistry
                0x20000850       0x40 ./Middlewares/Third_Party/FreeRTOS/Source/queue.o
                0x20000850                xQueueRegistry
 .bss.pxCurrentTCB
                0x20000890        0x4 ./Middlewares/Third_Party/FreeRTOS/Source/tasks.o
                0x20000890                pxCurrentTCB
 .bss.pxReadyTasksLists
                0x20000894      0x460 ./Middlewares/Third_Party/FreeRTOS/Source/tasks.o
 .bss.xDelayedTaskList1
                0x20000cf4       0x14 ./Middlewares/Third_Party/FreeRTOS/Source/tasks.o
 .bss.xDelayedTaskList2
                0x20000d08       0x14 ./Middlewares/Third_Party/FreeRTOS/Source/tasks.o
 .bss.pxDelayedTaskList
                0x20000d1c        0x4 ./Middlewares/Third_Party/FreeRTOS/Source/tasks.o
 .bss.pxOverflowDelayedTaskList
                0x20000d20        0x4 ./Middlewares/Third_Party/FreeRTOS/Source/tasks.o
 .bss.xPendingReadyList
                0x20000d24       0x14 ./Middlewares/Third_Party/FreeRTOS/Source/tasks.o
 .bss.xTasksWaitingTermination
                0x20000d38       0x14 ./Middlewares/Third_Party/FreeRTOS/Source/tasks.o
 .bss.uxDeletedTasksWaitingCleanUp
                0x20000d4c        0x4 ./Middlewares/Third_Party/FreeRTOS/Source/tasks.o
 .bss.xSuspendedTaskList
                0x20000d50       0x14 ./Middlewares/Third_Party/FreeRTOS/Source/tasks.o
 .bss.uxCurrentNumberOfTasks
                0x20000d64        0x4 ./Middlewares/Third_Party/FreeRTOS/Source/tasks.o
 .bss.xTickCount
                0x20000d68        0x4 ./Middlewares/Third_Party/FreeRTOS/Source/tasks.o
 .bss.uxTopReadyPriority
                0x20000d6c        0x4 ./Middlewares/Third_Party/FreeRTOS/Source/tasks.o
 .bss.xSchedulerRunning
                0x20000d70        0x4 ./Middlewares/Third_Party/FreeRTOS/Source/tasks.o
 .bss.xPendedTicks
                0x20000d74        0x4 ./Middlewares/Third_Party/FreeRTOS/Source/tasks.o
 .bss.xYieldPending
                0x20000d78        0x4 ./Middlewares/Third_Party/FreeRTOS/Source/tasks.o
 .bss.xNumOfOverflows
                0x20000d7c        0x4 ./Middlewares/Third_Party/FreeRTOS/Source/tasks.o
 .bss.uxTaskNumber
                0x20000d80        0x4 ./Middlewares/Third_Party/FreeRTOS/Source/tasks.o
 .bss.xNextTaskUnblockTime
                0x20000d84        0x4 ./Middlewares/Third_Party/FreeRTOS/Source/tasks.o
 .bss.xIdleTaskHandle
                0x20000d88        0x4 ./Middlewares/Third_Party/FreeRTOS/Source/tasks.o
 .bss.uxSchedulerSuspended
                0x20000d8c        0x4 ./Middlewares/Third_Party/FreeRTOS/Source/tasks.o
 .bss.xActiveTimerList1
                0x20000d90       0x14 ./Middlewares/Third_Party/FreeRTOS/Source/timers.o
 .bss.xActiveTimerList2
                0x20000da4       0x14 ./Middlewares/Third_Party/FreeRTOS/Source/timers.o
 .bss.pxCurrentTimerList
                0x20000db8        0x4 ./Middlewares/Third_Party/FreeRTOS/Source/timers.o
 .bss.pxOverflowTimerList
                0x20000dbc        0x4 ./Middlewares/Third_Party/FreeRTOS/Source/timers.o
 .bss.xTimerQueue
                0x20000dc0        0x4 ./Middlewares/Third_Party/FreeRTOS/Source/timers.o
 .bss.xTimerTaskHandle
                0x20000dc4        0x4 ./Middlewares/Third_Party/FreeRTOS/Source/timers.o
 .bss.xLastTime.2
                0x20000dc8        0x4 ./Middlewares/Third_Party/FreeRTOS/Source/timers.o
 .bss.ucStaticTimerQueueStorage.1
                0x20000dcc       0xa0 ./Middlewares/Third_Party/FreeRTOS/Source/timers.o
 .bss.xStaticTimerQueue.0
                0x20000e6c       0x50 ./Middlewares/Third_Party/FreeRTOS/Source/timers.o
 .bss.ucMaxSysCallPriority
                0x20000ebc        0x1 ./Middlewares/Third_Party/FreeRTOS/Source/portable/GCC/ARM_CM3/port.o
 *fill*         0x20000ebd        0x3 
 .bss.ulMaxPRIGROUPValue
                0x20000ec0        0x4 ./Middlewares/Third_Party/FreeRTOS/Source/portable/GCC/ARM_CM3/port.o
 .bss.ucHeap    0x20000ec4     0x2710 ./Middlewares/Third_Party/FreeRTOS/Source/portable/MemMang/heap_4.o
 .bss.xStart    0x200035d4        0x8 ./Middlewares/Third_Party/FreeRTOS/Source/portable/MemMang/heap_4.o
 .bss.pxEnd     0x200035dc        0x4 ./Middlewares/Third_Party/FreeRTOS/Source/portable/MemMang/heap_4.o
 .bss.xFreeBytesRemaining
                0x200035e0        0x4 ./Middlewares/Third_Party/FreeRTOS/Source/portable/MemMang/heap_4.o
 .bss.xMinimumEverFreeBytesRemaining
                0x200035e4        0x4 ./Middlewares/Third_Party/FreeRTOS/Source/portable/MemMang/heap_4.o
 .bss.xNumberOfSuccessfulAllocations
                0x200035e8        0x4 ./Middlewares/Third_Party/FreeRTOS/Source/portable/MemMang/heap_4.o
 .bss.xNumberOfSuccessfulFrees
                0x200035ec        0x4 ./Middlewares/Third_Party/FreeRTOS/Source/portable/MemMang/heap_4.o
 .bss.xBlockAllocatedBit
                0x200035f0        0x4 ./Middlewares/Third_Party/FreeRTOS/Source/portable/MemMang/heap_4.o
 .bss._ZN12_GLOBAL__N_113__new_handlerE
                0x200035f4        0x4 D:/cubeide/STM32CubeIDE_2.0.0/STM32CubeIDE/plugins/com.st.stm32cube.ide.mcu.externaltools.gnu-tools-for-stm32.13.3.rel1.win32_1.0.100.202509120712/tools/bin/../lib/gcc/arm-none-eabi/13.3.1/../../../../arm-none-eabi/lib/thumb/v7-m/nofp\libstdc++_nano.a(new_handler.o)
 .bss.__malloc_sbrk_start
                0x200035f8        0x4 D:/cubeide/STM32CubeIDE_2.0.0/STM32CubeIDE/plugins/com.st.stm32cube.ide.mcu.externaltools.gnu-tools-for-stm32.13.3.rel1.win32_1.0.100.202509120712/tools/bin/../lib/gcc/arm-none-eabi/13.3.1/../../../../arm-none-eabi/lib/thumb/v7-m/nofp\libc_nano.a(libc_a-mallocr.o)
                0x200035f8                __malloc_sbrk_start
 .bss.__malloc_free_list
                0x200035fc        0x4 D:/cubeide/STM32CubeIDE_2.0.0/STM32CubeIDE/plugins/com.st.stm32cube.ide.mcu.externaltools.gnu-tools-for-stm32.13.3.rel1.win32_1.0.100.202509120712/tools/bin/../lib/gcc/arm-none-eabi/13.3.1/../../../../arm-none-eabi/lib/thumb/v7-m/nofp\libc_nano.a(libc_a-mallocr.o)
                0x200035fc                __malloc_free_list
 .bss.__sf      0x20003600      0x138 D:/cubeide/STM32CubeIDE_2.0.0/STM32CubeIDE/plugins/com.st.stm32cube.ide.mcu.externaltools.gnu-tools-for-stm32.13.3.rel1.win32_1.0.100.202509120712/tools/bin/../lib/gcc/arm-none-eabi/13.3.1/../../../../arm-none-eabi/lib/thumb/v7-m/nofp\libc_nano.a(libc_a-findfp.o)
                0x20003600                __sf
 .bss.errno     0x20003738        0x4 D:/cubeide/STM32CubeIDE_2.0.0/STM32CubeIDE/plugins/com.st.stm32cube.ide.mcu.externaltools.gnu-tools-for-stm32.13.3.rel1.win32_1.0.100.202509120712/tools/bin/../lib/gcc/arm-none-eabi/13.3.1/../../../../arm-none-eabi/lib/thumb/v7-m/nofp\libc_nano.a(libc_a-reent.o)
                0x20003738                errno
 .bss.__lock___malloc_recursive_mutex
                0x2000373c        0x1 D:/cubeide/STM32CubeIDE_2.0.0/STM32CubeIDE/plugins/com.st.stm32cube.ide.mcu.externaltools.gnu-tools-for-stm32.13.3.rel1.win32_1.0.100.202509120712/tools/bin/../lib/gcc/arm-none-eabi/13.3.1/../../../../arm-none-eabi/lib/thumb/v7-m/nofp\libc_nano.a(libc_a-lock.o)
                0x2000373c                __lock___malloc_recursive_mutex
 *(COMMON)
                0x20003740                        . = ALIGN (0x4)
 *fill*         0x2000373d        0x3 
                0x20003740                        _ebss = .
                0x20003740                        __bss_end__ = _ebss

._user_heap_stack
                0x20003740      0x600 load address 0x08006ba8
                0x20003740                        . = ALIGN (0x8)
                [!provide]                        PROVIDE (end = .)
                0x20003740                        PROVIDE (_end = .)
                0x20003940                        . = (. + _Min_Heap_Size)
 *fill*         0x20003740      0x200 
                0x20003d40                        . = (. + _Min_Stack_Size)
 *fill*         0x20003940      0x400 
                0x20003d40                        . = ALIGN (0x8)

/DISCARD/
 libc.a(*)
 libm.a(*)
 libgcc.a(*)

.ARM.attributes
                0x00000000       0x29
 *(.ARM.attributes)
 .ARM.attributes
                0x00000000       0x1d D:/cubeide/STM32CubeIDE_2.0.0/STM32CubeIDE/plugins/com.st.stm32cube.ide.mcu.externaltools.gnu-tools-for-stm32.13.3.rel1.win32_1.0.100.202509120712/tools/bin/../lib/gcc/arm-none-eabi/13.3.1/thumb/v7-m/nofp/crti.o
 .ARM.attributes
                0x0000001d       0x2d D:/cubeide/STM32CubeIDE_2.0.0/STM32CubeIDE/plugins/com.st.stm32cube.ide.mcu.externaltools.gnu-tools-for-stm32.13.3.rel1.win32_1.0.100.202509120712/tools/bin/../lib/gcc/arm-none-eabi/13.3.1/thumb/v7-m/nofp/crtbegin.o
 .ARM.attributes
                0x0000004a       0x2d ./Core/Driver/MotorDriver/MotorDriver.o
 .ARM.attributes
                0x00000077       0x2d ./Core/Driver/SonarSensor/SonarSensor.o
 .ARM.attributes
                0x000000a4       0x2d ./Core/Src/main.o
 .ARM.attributes
                0x000000d1       0x2d ./Core/Src/stm32f1xx_hal_msp.o
 .ARM.attributes
                0x000000fe       0x2d ./Core/Src/stm32f1xx_hal_timebase_tim.o
 .ARM.attributes
                0x0000012b       0x2d ./Core/Src/stm32f1xx_it.o
 .ARM.attributes
                0x00000158       0x2d ./Core/Src/syscalls.o
 .ARM.attributes
                0x00000185       0x2d ./Core/Src/sysmem.o
 .ARM.attributes
                0x000001b2       0x2d ./Core/Src/system_stm32f1xx.o
 .ARM.attributes
                0x000001df       0x21 ./Core/Startup/startup_stm32f103c8tx.o
 .ARM.attributes
                0x00000200       0x2d ./Drivers/STM32F1xx_HAL_Driver/Src/stm32f1xx_hal.o
 .ARM.attributes
                0x0000022d       0x2d ./Drivers/STM32F1xx_HAL_Driver/Src/stm32f1xx_hal_cortex.o
 .ARM.attributes
                0x0000025a       0x2d ./Drivers/STM32F1xx_HAL_Driver/Src/stm32f1xx_hal_gpio.o
 .ARM.attributes
                0x00000287       0x2d ./Drivers/STM32F1xx_HAL_Driver/Src/stm32f1xx_hal_rcc.o
 .ARM.attributes
                0x000002b4       0x2d ./Drivers/STM32F1xx_HAL_Driver/Src/stm32f1xx_hal_tim.o
 .ARM.attributes
                0x000002e1       0x2d ./Drivers/STM32F1xx_HAL_Driver/Src/stm32f1xx_hal_tim_ex.o
 .ARM.attributes
                0x0000030e       0x2d ./Middlewares/Third_Party/FreeRTOS/Source/CMSIS_RTOS_V2/cmsis_os2.o
 .ARM.attributes
                0x0000033b       0x2d ./Middlewares/Third_Party/FreeRTOS/Source/list.o
 .ARM.attributes
                0x00000368       0x2d ./Middlewares/Third_Party/FreeRTOS/Source/queue.o
 .ARM.attributes
                0x00000395       0x2d ./Middlewares/Third_Party/FreeRTOS/Source/tasks.o
 .ARM.attributes
                0x000003c2       0x2d ./Middlewares/Third_Party/FreeRTOS/Source/timers.o
 .ARM.attributes
                0x000003ef       0x2d ./Middlewares/Third_Party/FreeRTOS/Source/portable/GCC/ARM_CM3/port.o
 .ARM.attributes
                0x0000041c       0x2d ./Middlewares/Third_Party/FreeRTOS/Source/portable/MemMang/heap_4.o
 .ARM.attributes
                0x00000449       0x2d D:/cubeide/STM32CubeIDE_2.0.0/STM32CubeIDE/plugins/com.st.stm32cube.ide.mcu.externaltools.gnu-tools-for-stm32.13.3.rel1.win32_1.0.100.202509120712/tools/bin/../lib/gcc/arm-none-eabi/13.3.1/../../../../arm-none-eabi/lib/thumb/v7-m/nofp\libstdc++_nano.a(new_op.o)
 .ARM.attributes
                0x00000476       0x2d D:/cubeide/STM32CubeIDE_2.0.0/STM32CubeIDE/plugins/com.st.stm32cube.ide.mcu.externaltools.gnu-tools-for-stm32.13.3.rel1.win32_1.0.100.202509120712/tools/bin/../lib/gcc/arm-none-eabi/13.3.1/../../../../arm-none-eabi/lib/thumb/v7-m/nofp\libstdc++_nano.a(new_handler.o)
 .ARM.attributes
                0x000004a3       0x2d D:/cubeide/STM32CubeIDE_2.0.0/STM32CubeIDE/plugins/com.st.stm32cube.ide.mcu.externaltools.gnu-tools-for-stm32.13.3.rel1.win32_1.0.100.202509120712/tools/bin/../lib/gcc/arm-none-eabi/13.3.1/../../../../arm-none-eabi/lib/thumb/v7-m/nofp\libc_nano.a(libc_a-abort.o)
 .ARM.attributes
                0x000004d0       0x2d D:/cubeide/STM32CubeIDE_2.0.0/STM32CubeIDE/plugins/com.st.stm32cube.ide.mcu.externaltools.gnu-tools-for-stm32.13.3.rel1.win32_1.0.100.202509120712/tools/bin/../lib/gcc/arm-none-eabi/13.3.1/../../../../arm-none-eabi/lib/thumb/v7-m/nofp\libc_nano.a(libc_a-malloc.o)
 .ARM.attributes
                0x000004fd       0x2d D:/cubeide/STM32CubeIDE_2.0.0/STM32CubeIDE/plugins/com.st.stm32cube.ide.mcu.externaltools.gnu-tools-for-stm32.13.3.rel1.win32_1.0.100.202509120712/tools/bin/../lib/gcc/arm-none-eabi/13.3.1/../../../../arm-none-eabi/lib/thumb/v7-m/nofp\libc_nano.a(libc_a-mallocr.o)
 .ARM.attributes
                0x0000052a       0x2d D:/cubeide/STM32CubeIDE_2.0.0/STM32CubeIDE/plugins/com.st.stm32cube.ide.mcu.externaltools.gnu-tools-for-stm32.13.3.rel1.win32_1.0.100.202509120712/tools/bin/../lib/gcc/arm-none-eabi/13.3.1/../../../../arm-none-eabi/lib/thumb/v7-m/nofp\libc_nano.a(libc_a-mlock.o)
 .ARM.attributes
                0x00000557       0x2d D:/cubeide/STM32CubeIDE_2.0.0/STM32CubeIDE/plugins/com.st.stm32cube.ide.mcu.externaltools.gnu-tools-for-stm32.13.3.rel1.win32_1.0.100.202509120712/tools/bin/../lib/gcc/arm-none-eabi/13.3.1/../../../../arm-none-eabi/lib/thumb/v7-m/nofp\libc_nano.a(libc_a-findfp.o)
 .ARM.attributes
                0x00000584       0x2d D:/cubeide/STM32CubeIDE_2.0.0/STM32CubeIDE/plugins/com.st.stm32cube.ide.mcu.externaltools.gnu-tools-for-stm32.13.3.rel1.win32_1.0.100.202509120712/tools/bin/../lib/gcc/arm-none-eabi/13.3.1/../../../../arm-none-eabi/lib/thumb/v7-m/nofp\libc_nano.a(libc_a-memset.o)
 .ARM.attributes
                0x000005b1       0x2d D:/cubeide/STM32CubeIDE_2.0.0/STM32CubeIDE/plugins/com.st.stm32cube.ide.mcu.externaltools.gnu-tools-for-stm32.13.3.rel1.win32_1.0.100.202509120712/tools/bin/../lib/gcc/arm-none-eabi/13.3.1/../../../../arm-none-eabi/lib/thumb/v7-m/nofp\libc_nano.a(libc_a-signal.o)
 .ARM.attributes
                0x000005de       0x2d D:/cubeide/STM32CubeIDE_2.0.0/STM32CubeIDE/plugins/com.st.stm32cube.ide.mcu.externaltools.gnu-tools-for-stm32.13.3.rel1.win32_1.0.100.202509120712/tools/bin/../lib/gcc/arm-none-eabi/13.3.1/../../../../arm-none-eabi/lib/thumb/v7-m/nofp\libc_nano.a(libc_a-reent.o)
 .ARM.attributes
                0x0000060b       0x2d D:/cubeide/STM32CubeIDE_2.0.0/STM32CubeIDE/plugins/com.st.stm32cube.ide.mcu.externaltools.gnu-tools-for-stm32.13.3.rel1.win32_1.0.100.202509120712/tools/bin/../lib/gcc/arm-none-eabi/13.3.1/../../../../arm-none-eabi/lib/thumb/v7-m/nofp\libc_nano.a(libc_a-impure.o)
 .ARM.attributes
                0x00000638       0x2d D:/cubeide/STM32CubeIDE_2.0.0/STM32CubeIDE/plugins/com.st.stm32cube.ide.mcu.externaltools.gnu-tools-for-stm32.13.3.rel1.win32_1.0.100.202509120712/tools/bin/../lib/gcc/arm-none-eabi/13.3.1/../../../../arm-none-eabi/lib/thumb/v7-m/nofp\libc_nano.a(libc_a-signalr.o)
 .ARM.attributes
                0x00000665       0x2d D:/cubeide/STM32CubeIDE_2.0.0/STM32CubeIDE/plugins/com.st.stm32cube.ide.mcu.externaltools.gnu-tools-for-stm32.13.3.rel1.win32_1.0.100.202509120712/tools/bin/../lib/gcc/arm-none-eabi/13.3.1/../../../../arm-none-eabi/lib/thumb/v7-m/nofp\libc_nano.a(libc_a-sbrkr.o)
 .ARM.attributes
                0x00000692       0x2d D:/cubeide/STM32CubeIDE_2.0.0/STM32CubeIDE/plugins/com.st.stm32cube.ide.mcu.externaltools.gnu-tools-for-stm32.13.3.rel1.win32_1.0.100.202509120712/tools/bin/../lib/gcc/arm-none-eabi/13.3.1/../../../../arm-none-eabi/lib/thumb/v7-m/nofp\libc_nano.a(libc_a-errno.o)
 .ARM.attributes
                0x000006bf       0x2d D:/cubeide/STM32CubeIDE_2.0.0/STM32CubeIDE/plugins/com.st.stm32cube.ide.mcu.externaltools.gnu-tools-for-stm32.13.3.rel1.win32_1.0.100.202509120712/tools/bin/../lib/gcc/arm-none-eabi/13.3.1/../../../../arm-none-eabi/lib/thumb/v7-m/nofp\libc_nano.a(libc_a-init.o)
 .ARM.attributes
                0x000006ec       0x2d D:/cubeide/STM32CubeIDE_2.0.0/STM32CubeIDE/plugins/com.st.stm32cube.ide.mcu.externaltools.gnu-tools-for-stm32.13.3.rel1.win32_1.0.100.202509120712/tools/bin/../lib/gcc/arm-none-eabi/13.3.1/../../../../arm-none-eabi/lib/thumb/v7-m/nofp\libc_nano.a(libc_a-lock.o)
 .ARM.attributes
                0x00000719       0x2d D:/cubeide/STM32CubeIDE_2.0.0/STM32CubeIDE/plugins/com.st.stm32cube.ide.mcu.externaltools.gnu-tools-for-stm32.13.3.rel1.win32_1.0.100.202509120712/tools/bin/../lib/gcc/arm-none-eabi/13.3.1/../../../../arm-none-eabi/lib/thumb/v7-m/nofp\libc_nano.a(libc_a-memcpy-stub.o)
 .ARM.attributes
                0x00000746       0x1d D:/cubeide/STM32CubeIDE_2.0.0/STM32CubeIDE/plugins/com.st.stm32cube.ide.mcu.externaltools.gnu-tools-for-stm32.13.3.rel1.win32_1.0.100.202509120712/tools/bin/../lib/gcc/arm-none-eabi/13.3.1/thumb/v7-m/nofp\libgcc.a(_arm_addsubsf3.o)
 .ARM.attributes
                0x00000763       0x1d D:/cubeide/STM32CubeIDE_2.0.0/STM32CubeIDE/plugins/com.st.stm32cube.ide.mcu.externaltools.gnu-tools-for-stm32.13.3.rel1.win32_1.0.100.202509120712/tools/bin/../lib/gcc/arm-none-eabi/13.3.1/thumb/v7-m/nofp\libgcc.a(_arm_muldivsf3.o)
 .ARM.attributes
                0x00000780       0x1d D:/cubeide/STM32CubeIDE_2.0.0/STM32CubeIDE/plugins/com.st.stm32cube.ide.mcu.externaltools.gnu-tools-for-stm32.13.3.rel1.win32_1.0.100.202509120712/tools/bin/../lib/gcc/arm-none-eabi/13.3.1/thumb/v7-m/nofp\libgcc.a(_arm_cmpsf2.o)
 .ARM.attributes
                0x0000079d       0x1d D:/cubeide/STM32CubeIDE_2.0.0/STM32CubeIDE/plugins/com.st.stm32cube.ide.mcu.externaltools.gnu-tools-for-stm32.13.3.rel1.win32_1.0.100.202509120712/tools/bin/../lib/gcc/arm-none-eabi/13.3.1/thumb/v7-m/nofp/crtn.o
OUTPUT(car_stm.elf elf32-littlearm)
LOAD linker stubs
LOAD D:/cubeide/STM32CubeIDE_2.0.0/STM32CubeIDE/plugins/com.st.stm32cube.ide.mcu.externaltools.gnu-tools-for-stm32.13.3.rel1.win32_1.0.100.202509120712/tools/bin/../lib/gcc/arm-none-eabi/13.3.1/../../../../arm-none-eabi/lib/thumb/v7-m/nofp\libc.a
LOAD D:/cubeide/STM32CubeIDE_2.0.0/STM32CubeIDE/plugins/com.st.stm32cube.ide.mcu.externaltools.gnu-tools-for-stm32.13.3.rel1.win32_1.0.100.202509120712/tools/bin/../lib/gcc/arm-none-eabi/13.3.1/../../../../arm-none-eabi/lib/thumb/v7-m/nofp\libm.a
LOAD D:/cubeide/STM32CubeIDE_2.0.0/STM32CubeIDE/plugins/com.st.stm32cube.ide.mcu.externaltools.gnu-tools-for-stm32.13.3.rel1.win32_1.0.100.202509120712/tools/bin/../lib/gcc/arm-none-eabi/13.3.1/thumb/v7-m/nofp\libgcc.a

.debug_info     0x00000000    0x1517f
 .debug_info    0x00000000     0x10ea ./Core/Driver/MotorDriver/MotorDriver.o
 .debug_info    0x000010ea     0x13f8 ./Core/Driver/SonarSensor/SonarSensor.o
 .debug_info    0x000024e2     0x12c7 ./Core/Src/main.o
 .debug_info    0x000037a9      0xacb ./Core/Src/stm32f1xx_hal_msp.o
 .debug_info    0x00004274      0x99a ./Core/Src/stm32f1xx_hal_timebase_tim.o
 .debug_info    0x00004c0e      0x680 ./Core/Src/stm32f1xx_it.o
 .debug_info    0x0000528e      0x6a3 ./Core/Src/syscalls.o
 .debug_info    0x00005931      0x168 ./Core/Src/sysmem.o
 .debug_info    0x00005a99      0x222 ./Core/Src/system_stm32f1xx.o
 .debug_info    0x00005cbb       0x30 ./Core/Startup/startup_stm32f103c8tx.o
 .debug_info    0x00005ceb      0x704 ./Drivers/STM32F1xx_HAL_Driver/Src/stm32f1xx_hal.o
 .debug_info    0x000063ef      0xa87 ./Drivers/STM32F1xx_HAL_Driver/Src/stm32f1xx_hal_cortex.o
 .debug_info    0x00006e76      0x5ab ./Drivers/STM32F1xx_HAL_Driver/Src/stm32f1xx_hal_gpio.o
 .debug_info    0x00007421      0x7d5 ./Drivers/STM32F1xx_HAL_Driver/Src/stm32f1xx_hal_rcc.o
 .debug_info    0x00007bf6     0x2959 ./Drivers/STM32F1xx_HAL_Driver/Src/stm32f1xx_hal_tim.o
 .debug_info    0x0000a54f     0x149b ./Drivers/STM32F1xx_HAL_Driver/Src/stm32f1xx_hal_tim_ex.o
 .debug_info    0x0000b9ea     0x3990 ./Middlewares/Third_Party/FreeRTOS/Source/CMSIS_RTOS_V2/cmsis_os2.o
 .debug_info    0x0000f37a      0x2af ./Middlewares/Third_Party/FreeRTOS/Source/list.o
 .debug_info    0x0000f629     0x1b79 ./Middlewares/Third_Party/FreeRTOS/Source/queue.o
 .debug_info    0x000111a2     0x21ec ./Middlewares/Third_Party/FreeRTOS/Source/tasks.o
 .debug_info    0x0001338e     0x1488 ./Middlewares/Third_Party/FreeRTOS/Source/timers.o
 .debug_info    0x00014816      0x494 ./Middlewares/Third_Party/FreeRTOS/Source/portable/GCC/ARM_CM3/port.o
 .debug_info    0x00014caa      0x4d5 ./Middlewares/Third_Party/FreeRTOS/Source/portable/MemMang/heap_4.o

.debug_abbrev   0x00000000     0x3797
 .debug_abbrev  0x00000000      0x3aa ./Core/Driver/MotorDriver/MotorDriver.o
 .debug_abbrev  0x000003aa      0x42b ./Core/Driver/SonarSensor/SonarSensor.o
 .debug_abbrev  0x000007d5      0x31e ./Core/Src/main.o
 .debug_abbrev  0x00000af3      0x1d5 ./Core/Src/stm32f1xx_hal_msp.o
 .debug_abbrev  0x00000cc8      0x1f3 ./Core/Src/stm32f1xx_hal_timebase_tim.o
 .debug_abbrev  0x00000ebb      0x180 ./Core/Src/stm32f1xx_it.o
 .debug_abbrev  0x0000103b      0x1b6 ./Core/Src/syscalls.o
 .debug_abbrev  0x000011f1       0xbc ./Core/Src/sysmem.o
 .debug_abbrev  0x000012ad      0x13f ./Core/Src/system_stm32f1xx.o
 .debug_abbrev  0x000013ec       0x24 ./Core/Startup/startup_stm32f103c8tx.o
 .debug_abbrev  0x00001410      0x201 ./Drivers/STM32F1xx_HAL_Driver/Src/stm32f1xx_hal.o
 .debug_abbrev  0x00001611      0x2f8 ./Drivers/STM32F1xx_HAL_Driver/Src/stm32f1xx_hal_cortex.o
 .debug_abbrev  0x00001909      0x1ca ./Drivers/STM32F1xx_HAL_Driver/Src/stm32f1xx_hal_gpio.o
 .debug_abbrev  0x00001ad3      0x2b3 ./Drivers/STM32F1xx_HAL_Driver/Src/stm32f1xx_hal_rcc.o
 .debug_abbrev  0x00001d86      0x277 ./Drivers/STM32F1xx_HAL_Driver/Src/stm32f1xx_hal_tim.o
 .debug_abbrev  0x00001ffd      0x282 ./Drivers/STM32F1xx_HAL_Driver/Src/stm32f1xx_hal_tim_ex.o
 .debug_abbrev  0x0000227f      0x520 ./Middlewares/Third_Party/FreeRTOS/Source/CMSIS_RTOS_V2/cmsis_os2.o
 .debug_abbrev  0x0000279f       0xf5 ./Middlewares/Third_Party/FreeRTOS/Source/list.o
 .debug_abbrev  0x00002894      0x3b6 ./Middlewares/Third_Party/FreeRTOS/Source/queue.o
 .debug_abbrev  0x00002c4a      0x386 ./Middlewares/Third_Party/FreeRTOS/Source/tasks.o
 .debug_abbrev  0x00002fd0      0x352 ./Middlewares/Third_Party/FreeRTOS/Source/timers.o
 .debug_abbrev  0x00003322      0x258 ./Middlewares/Third_Party/FreeRTOS/Source/portable/GCC/ARM_CM3/port.o
 .debug_abbrev  0x0000357a      0x21d ./Middlewares/Third_Party/FreeRTOS/Source/portable/MemMang/heap_4.o

.debug_aranges  0x00000000     0x1368
 .debug_aranges
                0x00000000       0x70 ./Core/Driver/MotorDriver/MotorDriver.o
 .debug_aranges
                0x00000070       0x98 ./Core/Driver/SonarSensor/SonarSensor.o
 .debug_aranges
                0x00000108       0x78 ./Core/Src/main.o
 .debug_aranges
                0x00000180       0x38 ./Core/Src/stm32f1xx_hal_msp.o
 .debug_aranges
                0x000001b8       0x30 ./Core/Src/stm32f1xx_hal_timebase_tim.o
 .debug_aranges
                0x000001e8       0x58 ./Core/Src/stm32f1xx_it.o
 .debug_aranges
                0x00000240       0xa8 ./Core/Src/syscalls.o
 .debug_aranges
                0x000002e8       0x20 ./Core/Src/sysmem.o
 .debug_aranges
                0x00000308       0x28 ./Core/Src/system_stm32f1xx.o
 .debug_aranges
                0x00000330       0x28 ./Core/Startup/startup_stm32f103c8tx.o
 .debug_aranges
                0x00000358       0xe0 ./Drivers/STM32F1xx_HAL_Driver/Src/stm32f1xx_hal.o
 .debug_aranges
                0x00000438      0x100 ./Drivers/STM32F1xx_HAL_Driver/Src/stm32f1xx_hal_cortex.o
 .debug_aranges
                0x00000538       0x58 ./Drivers/STM32F1xx_HAL_Driver/Src/stm32f1xx_hal_gpio.o
 .debug_aranges
                0x00000590       0x90 ./Drivers/STM32F1xx_HAL_Driver/Src/stm32f1xx_hal_rcc.o
 .debug_aranges
                0x00000620      0x3d0 ./Drivers/STM32F1xx_HAL_Driver/Src/stm32f1xx_hal_tim.o
 .debug_aranges
                0x000009f0      0x168 ./Drivers/STM32F1xx_HAL_Driver/Src/stm32f1xx_hal_tim_ex.o
 .debug_aranges
                0x00000b58      0x2b0 ./Middlewares/Third_Party/FreeRTOS/Source/CMSIS_RTOS_V2/cmsis_os2.o
 .debug_aranges
                0x00000e08       0x40 ./Middlewares/Third_Party/FreeRTOS/Source/list.o
 .debug_aranges
                0x00000e48      0x158 ./Middlewares/Third_Party/FreeRTOS/Source/queue.o
 .debug_aranges
                0x00000fa0      0x208 ./Middlewares/Third_Party/FreeRTOS/Source/tasks.o
 .debug_aranges
                0x000011a8       0xf0 ./Middlewares/Third_Party/FreeRTOS/Source/timers.o
 .debug_aranges
                0x00001298       0x78 ./Middlewares/Third_Party/FreeRTOS/Source/portable/GCC/ARM_CM3/port.o
 .debug_aranges
                0x00001310       0x58 ./Middlewares/Third_Party/FreeRTOS/Source/portable/MemMang/heap_4.o

.debug_rnglists
                0x00000000      0xedd
 .debug_rnglists
                0x00000000       0x51 ./Core/Driver/MotorDriver/MotorDriver.o
 .debug_rnglists
                0x00000051       0x70 ./Core/Driver/SonarSensor/SonarSensor.o
 .debug_rnglists
                0x000000c1       0x5b ./Core/Src/main.o
 .debug_rnglists
                0x0000011c       0x26 ./Core/Src/stm32f1xx_hal_msp.o
 .debug_rnglists
                0x00000142       0x20 ./Core/Src/stm32f1xx_hal_timebase_tim.o
 .debug_rnglists
                0x00000162       0x3d ./Core/Src/stm32f1xx_it.o
 .debug_rnglists
                0x0000019f       0x79 ./Core/Src/syscalls.o
 .debug_rnglists
                0x00000218       0x13 ./Core/Src/sysmem.o
 .debug_rnglists
                0x0000022b       0x1a ./Core/Src/system_stm32f1xx.o
 .debug_rnglists
                0x00000245       0x19 ./Core/Startup/startup_stm32f103c8tx.o
 .debug_rnglists
                0x0000025e       0xa3 ./Drivers/STM32F1xx_HAL_Driver/Src/stm32f1xx_hal.o
 .debug_rnglists
                0x00000301       0xbb ./Drivers/STM32F1xx_HAL_Driver/Src/stm32f1xx_hal_cortex.o
 .debug_rnglists
                0x000003bc       0x3f ./Drivers/STM32F1xx_HAL_Driver/Src/stm32f1xx_hal_gpio.o
 .debug_rnglists
                0x000003fb       0x6c ./Drivers/STM32F1xx_HAL_Driver/Src/stm32f1xx_hal_rcc.o
 .debug_rnglists
                0x00000467      0x31a ./Drivers/STM32F1xx_HAL_Driver/Src/stm32f1xx_hal_tim.o
 .debug_rnglists
                0x00000781      0x125 ./Drivers/STM32F1xx_HAL_Driver/Src/stm32f1xx_hal_tim_ex.o
 .debug_rnglists
                0x000008a6      0x212 ./Middlewares/Third_Party/FreeRTOS/Source/CMSIS_RTOS_V2/cmsis_os2.o
 .debug_rnglists
                0x00000ab8       0x2b ./Middlewares/Third_Party/FreeRTOS/Source/list.o
 .debug_rnglists
                0x00000ae3      0x109 ./Middlewares/Third_Party/FreeRTOS/Source/queue.o
 .debug_rnglists
                0x00000bec      0x1a0 ./Middlewares/Third_Party/FreeRTOS/Source/tasks.o
 .debug_rnglists
                0x00000d8c       0xb8 ./Middlewares/Third_Party/FreeRTOS/Source/timers.o
 .debug_rnglists
                0x00000e44       0x57 ./Middlewares/Third_Party/FreeRTOS/Source/portable/GCC/ARM_CM3/port.o
 .debug_rnglists
                0x00000e9b       0x42 ./Middlewares/Third_Party/FreeRTOS/Source/portable/MemMang/heap_4.o

.debug_macro    0x00000000    0x1a8b3
 .debug_macro   0x00000000      0x2c8 ./Core/Driver/MotorDriver/MotorDriver.o
 .debug_macro   0x000002c8      0xba4 ./Core/Driver/MotorDriver/MotorDriver.o
 .debug_macro   0x00000e6c      0x215 ./Core/Driver/MotorDriver/MotorDriver.o
 .debug_macro   0x00001081       0x2e ./Core/Driver/MotorDriver/MotorDriver.o
 .debug_macro   0x000010af       0x22 ./Core/Driver/MotorDriver/MotorDriver.o
 .debug_macro   0x000010d1       0x1c ./Core/Driver/MotorDriver/MotorDriver.o
 .debug_macro   0x000010ed       0x22 ./Core/Driver/MotorDriver/MotorDriver.o
 .debug_macro   0x0000110f       0x8e ./Core/Driver/MotorDriver/MotorDriver.o
 .debug_macro   0x0000119d       0x51 ./Core/Driver/MotorDriver/MotorDriver.o
 .debug_macro   0x000011ee      0x103 ./Core/Driver/MotorDriver/MotorDriver.o
 .debug_macro   0x000012f1       0x6a ./Core/Driver/MotorDriver/MotorDriver.o
 .debug_macro   0x0000135b      0x1df ./Core/Driver/MotorDriver/MotorDriver.o
 .debug_macro   0x0000153a       0x1c ./Core/Driver/MotorDriver/MotorDriver.o
 .debug_macro   0x00001556       0x22 ./Core/Driver/MotorDriver/MotorDriver.o
 .debug_macro   0x00001578       0xbd ./Core/Driver/MotorDriver/MotorDriver.o
 .debug_macro   0x00001635      0xd23 ./Core/Driver/MotorDriver/MotorDriver.o
 .debug_macro   0x00002358     0xe09e ./Core/Driver/MotorDriver/MotorDriver.o
 .debug_macro   0x000103f6       0x6d ./Core/Driver/MotorDriver/MotorDriver.o
 .debug_macro   0x00010463     0x34a2 ./Core/Driver/MotorDriver/MotorDriver.o
 .debug_macro   0x00013905      0x197 ./Core/Driver/MotorDriver/MotorDriver.o
 .debug_macro   0x00013a9c       0x5c ./Core/Driver/MotorDriver/MotorDriver.o
 .debug_macro   0x00013af8      0x5bc ./Core/Driver/MotorDriver/MotorDriver.o
 .debug_macro   0x000140b4      0x289 ./Core/Driver/MotorDriver/MotorDriver.o
 .debug_macro   0x0001433d      0x1cb ./Core/Driver/MotorDriver/MotorDriver.o
 .debug_macro   0x00014508      0x114 ./Core/Driver/MotorDriver/MotorDriver.o
 .debug_macro   0x0001461c      0x1b2 ./Core/Driver/MotorDriver/MotorDriver.o
 .debug_macro   0x000147ce       0x27 ./Core/Driver/MotorDriver/MotorDriver.o
 .debug_macro   0x000147f5      0x136 ./Core/Driver/MotorDriver/MotorDriver.o
 .debug_macro   0x0001492b      0x1bc ./Core/Driver/MotorDriver/MotorDriver.o
 .debug_macro   0x00014ae7       0x34 ./Core/Driver/MotorDriver/MotorDriver.o
 .debug_macro   0x00014b1b       0x3c ./Core/Driver/MotorDriver/MotorDriver.o
 .debug_macro   0x00014b57       0x57 ./Core/Driver/MotorDriver/MotorDriver.o
 .debug_macro   0x00014bae       0x87 ./Core/Driver/MotorDriver/MotorDriver.o
 .debug_macro   0x00014c35      0x240 ./Core/Driver/MotorDriver/MotorDriver.o
 .debug_macro   0x00014e75      0x140 ./Core/Driver/MotorDriver/MotorDriver.o
 .debug_macro   0x00014fb5      0x8ed ./Core/Driver/MotorDriver/MotorDriver.o
 .debug_macro   0x000158a2       0x83 ./Core/Driver/MotorDriver/MotorDriver.o
 .debug_macro   0x00015925      0x1f2 ./Core/Driver/MotorDriver/MotorDriver.o
 .debug_macro   0x00015b17       0x10 ./Core/Driver/MotorDriver/MotorDriver.o
 .debug_macro   0x00015b27      0x409 ./Core/Driver/MotorDriver/MotorDriver.o
 .debug_macro   0x00015f30       0x10 ./Core/Driver/MotorDriver/MotorDriver.o
 .debug_macro   0x00015f40       0x24 ./Core/Driver/MotorDriver/MotorDriver.o
 .debug_macro   0x00015f64       0x61 ./Core/Driver/MotorDriver/MotorDriver.o
 .debug_macro   0x00015fc5       0x43 ./Core/Driver/MotorDriver/MotorDriver.o
 .debug_macro   0x00016008       0x34 ./Core/Driver/MotorDriver/MotorDriver.o
 .debug_macro   0x0001603c       0x16 ./Core/Driver/MotorDriver/MotorDriver.o
 .debug_macro   0x00016052       0x3c ./Core/Driver/MotorDriver/MotorDriver.o
 .debug_macro   0x0001608e      0x38c ./Core/Driver/MotorDriver/MotorDriver.o
 .debug_macro   0x0001641a       0x16 ./Core/Driver/MotorDriver/MotorDriver.o
 .debug_macro   0x00016430       0x4a ./Core/Driver/MotorDriver/MotorDriver.o
 .debug_macro   0x0001647a       0x34 ./Core/Driver/MotorDriver/MotorDriver.o
 .debug_macro   0x000164ae       0x10 ./Core/Driver/MotorDriver/MotorDriver.o
 .debug_macro   0x000164be       0x58 ./Core/Driver/MotorDriver/MotorDriver.o
 .debug_macro   0x00016516       0x8e ./Core/Driver/MotorDriver/MotorDriver.o
 .debug_macro   0x000165a4       0x16 ./Core/Driver/MotorDriver/MotorDriver.o
 .debug_macro   0x000165ba      0x185 ./Core/Driver/MotorDriver/MotorDriver.o
 .debug_macro   0x0001673f       0x16 ./Core/Driver/MotorDriver/MotorDriver.o
 .debug_macro   0x00016755       0x29 ./Core/Driver/MotorDriver/MotorDriver.o
 .debug_macro   0x0001677e       0x1c ./Core/Driver/MotorDriver/MotorDriver.o
 .debug_macro   0x0001679a       0xde ./Core/Driver/MotorDriver/MotorDriver.o
 .debug_macro   0x00016878      0x2c7 ./Core/Driver/SonarSensor/SonarSensor.o
 .debug_macro   0x00016b3f       0x10 ./Core/Driver/SonarSensor/SonarSensor.o
 .debug_macro   0x00016b4f      0x252 ./Core/Src/main.o
 .debug_macro   0x00016da1       0x66 ./Core/Src/main.o
 .debug_macro   0x00016e07       0x74 ./Core/Src/main.o
 .debug_macro   0x00016e7b       0xdd ./Core/Src/main.o
 .debug_macro   0x00016f58      0x1a3 ./Core/Src/stm32f1xx_hal_msp.o
 .debug_macro   0x000170fb      0x199 ./Core/Src/stm32f1xx_hal_timebase_tim.o
 .debug_macro   0x00017294      0x1ad ./Core/Src/stm32f1xx_it.o
 .debug_macro   0x00017441      0x274 ./Core/Src/syscalls.o
 .debug_macro   0x000176b5       0x5b ./Core/Src/syscalls.o
 .debug_macro   0x00017710       0x94 ./Core/Src/syscalls.o
 .debug_macro   0x000177a4       0x34 ./Core/Src/syscalls.o
 .debug_macro   0x000177d8       0x57 ./Core/Src/syscalls.o
 .debug_macro   0x0001782f      0x370 ./Core/Src/syscalls.o
 .debug_macro   0x00017b9f       0x4a ./Core/Src/syscalls.o
 .debug_macro   0x00017be9       0x1c ./Core/Src/syscalls.o
 .debug_macro   0x00017c05       0x10 ./Core/Src/syscalls.o
 .debug_macro   0x00017c15       0x3c ./Core/Src/syscalls.o
 .debug_macro   0x00017c51       0x10 ./Core/Src/syscalls.o
 .debug_macro   0x00017c61       0x10 ./Core/Src/syscalls.o
 .debug_macro   0x00017c71       0x10 ./Core/Src/syscalls.o
 .debug_macro   0x00017c81       0x1c ./Core/Src/syscalls.o
 .debug_macro   0x00017c9d       0x52 ./Core/Src/syscalls.o
 .debug_macro   0x00017cef       0x22 ./Core/Src/syscalls.o
 .debug_macro   0x00017d11       0x10 ./Core/Src/syscalls.o
 .debug_macro   0x00017d21       0x52 ./Core/Src/syscalls.o
 .debug_macro   0x00017d73       0xcf ./Core/Src/syscalls.o
 .debug_macro   0x00017e42       0x1c ./Core/Src/syscalls.o
 .debug_macro   0x00017e5e       0x3d ./Core/Src/syscalls.o
 .debug_macro   0x00017e9b       0x35 ./Core/Src/syscalls.o
 .debug_macro   0x00017ed0      0x12c ./Core/Src/syscalls.o
 .debug_macro   0x00017ffc       0x10 ./Core/Src/syscalls.o
 .debug_macro   0x0001800c      0x242 ./Core/Src/syscalls.o
 .debug_macro   0x0001824e       0x1c ./Core/Src/syscalls.o
 .debug_macro   0x0001826a       0x10 ./Core/Src/syscalls.o
 .debug_macro   0x0001827a       0x10 ./Core/Src/syscalls.o
 .debug_macro   0x0001828a       0x16 ./Core/Src/syscalls.o
 .debug_macro   0x000182a0      0x146 ./Core/Src/syscalls.o
 .debug_macro   0x000183e6      0x18a ./Core/Src/syscalls.o
 .debug_macro   0x00018570       0x16 ./Core/Src/syscalls.o
 .debug_macro   0x00018586       0xce ./Core/Src/syscalls.o
 .debug_macro   0x00018654      0x112 ./Core/Src/sysmem.o
 .debug_macro   0x00018766      0x23c ./Core/Src/sysmem.o
 .debug_macro   0x000189a2      0x199 ./Core/Src/system_stm32f1xx.o
 .debug_macro   0x00018b3b      0x1bd ./Drivers/STM32F1xx_HAL_Driver/Src/stm32f1xx_hal.o
 .debug_macro   0x00018cf8      0x199 ./Drivers/STM32F1xx_HAL_Driver/Src/stm32f1xx_hal_cortex.o
 .debug_macro   0x00018e91      0x204 ./Drivers/STM32F1xx_HAL_Driver/Src/stm32f1xx_hal_gpio.o
 .debug_macro   0x00019095      0x1ab ./Drivers/STM32F1xx_HAL_Driver/Src/stm32f1xx_hal_rcc.o
 .debug_macro   0x00019240      0x19a ./Drivers/STM32F1xx_HAL_Driver/Src/stm32f1xx_hal_tim.o