../Core/Src/main.c:110:5:main	8	static
../Core/Src/main.c:198:6:SystemClock_Config	72	static
../Core/Src/main.c:238:13:MX_TIM2_Init	64	static
../Core/Src/main.c:301:13:MX_TIM4_Init	48	static
../Core/Src/main.c:367:13:MX_GPIO_Init	40	static
../Core/Src/main.c:410:7:FilterDistance	32	static
../Core/Src/main.c:425:6:Task_Ctrl	16	static
../Core/Src/main.c:450:6:StartDefaultTask	16	static
../Core/Src/main.c:496:6:StartTask02	16	static
../Core/Src/main.c:519:6:StartTask03	16	static
../Core/Src/main.c:537:6:HAL_TIM_PeriodElapsedCallback	16	static
../Core/Src/main.c:555:6:Error_Handler	4	static,ignoring_inline_asm
